Archive member included to satisfy reference by file (symbol)

c:/mingw/bin/../lib/gcc/mingw32/5.3.0/../../../libmingw32.a(CRTglob.o)
                              c:/mingw/bin/../lib/gcc/mingw32/5.3.0/../../../crt2.o (_CRT_glob)
c:/mingw/bin/../lib/gcc/mingw32/5.3.0/../../../libmingw32.a(setargv.o)
                              c:/mingw/bin/../lib/gcc/mingw32/5.3.0/../../../crt2.o (_setargv)
c:/mingw/bin/../lib/gcc/mingw32/5.3.0/../../../libmingw32.a(CRTfmode.o)
                              c:/mingw/bin/../lib/gcc/mingw32/5.3.0/../../../crt2.o (_CRT_fmode)
c:/mingw/bin/../lib/gcc/mingw32/5.3.0/../../../libmingw32.a(cpu_features.o)
                              c:/mingw/bin/../lib/gcc/mingw32/5.3.0/../../../crt2.o (__cpu_features_init)
c:/mingw/bin/../lib/gcc/mingw32/5.3.0/../../../libmingw32.a(CRT_fp10.o)
                              c:/mingw/bin/../lib/gcc/mingw32/5.3.0/../../../crt2.o (_fpreset)
c:/mingw/bin/../lib/gcc/mingw32/5.3.0/../../../libmingw32.a(txtmode.o)
                              c:/mingw/bin/../lib/gcc/mingw32/5.3.0/../../../crt2.o (_fmode)
c:/mingw/bin/../lib/gcc/mingw32/5.3.0/../../../libmingw32.a(gccmain.o)
                              c:/mingw/bin/../lib/gcc/mingw32/5.3.0/../../../crt2.o (__main)
c:/mingw/bin/../lib/gcc/mingw32/5.3.0/../../../libmingw32.a(tlssup.o)
                              c:/mingw/bin/../lib/gcc/mingw32/5.3.0/../../../crt2.o (__dyn_tls_init_callback)
c:/mingw/bin/../lib/gcc/mingw32/5.3.0/../../../libmingw32.a(tlsthrd.o)
                              c:/mingw/bin/../lib/gcc/mingw32/5.3.0/../../../libmingw32.a(tlssup.o) (__mingw_TLScallback)
c:/mingw/bin/../lib/gcc/mingw32/5.3.0/../../../libmingw32.a(pseudo-reloc.o)
                              c:/mingw/bin/../lib/gcc/mingw32/5.3.0/../../../crt2.o (_pei386_runtime_relocator)
c:/mingw/bin/../lib/gcc/mingw32/5.3.0/../../../libmingw32.a(pseudo-reloc-list.o)
                              c:/mingw/bin/../lib/gcc/mingw32/5.3.0/../../../libmingw32.a(pseudo-reloc.o) (__RUNTIME_PSEUDO_RELOC_LIST__)
c:/mingw/bin/../lib/gcc/mingw32/5.3.0/../../../libmingw32.a(crtst.o)
                              c:/mingw/bin/../lib/gcc/mingw32/5.3.0/../../../libmingw32.a(tlssup.o) (_CRT_MT)
c:/mingw/bin/../lib/gcc/mingw32/5.3.0/libgcc.a(_chkstk_ms.o)
                              c:/mingw/bin/../lib/gcc/mingw32/5.3.0/../../../libmingw32.a(setargv.o) (__chkstk_ms)
c:/mingw/bin/../lib/gcc/mingw32/5.3.0/libgcc.a(_ctors.o)
                              c:/mingw/bin/../lib/gcc/mingw32/5.3.0/../../../libmingw32.a(gccmain.o) (__DTOR_LIST__)
c:/mingw/bin/../lib/gcc/mingw32/5.3.0/../../../libmingwex.a(vprintf.o)
                              main.o (__mingw_vprintf)
c:/mingw/bin/../lib/gcc/mingw32/5.3.0/../../../libmingwex.a(glob.o)
                              c:/mingw/bin/../lib/gcc/mingw32/5.3.0/../../../libmingw32.a(setargv.o) (__mingw_glob)
c:/mingw/bin/../lib/gcc/mingw32/5.3.0/../../../libmingwex.a(dirname.o)
                              c:/mingw/bin/../lib/gcc/mingw32/5.3.0/../../../libmingwex.a(glob.o) (__mingw_dirname)
c:/mingw/bin/../lib/gcc/mingw32/5.3.0/../../../libmingwex.a(dirent.o)
                              c:/mingw/bin/../lib/gcc/mingw32/5.3.0/../../../libmingwex.a(glob.o) (__mingw_opendir)
c:/mingw/bin/../lib/gcc/mingw32/5.3.0/../../../libmingwex.a(pformat.o)
                              c:/mingw/bin/../lib/gcc/mingw32/5.3.0/../../../libmingwex.a(vprintf.o) (__mingw_pformat)
c:/mingw/bin/../lib/gcc/mingw32/5.3.0/../../../libmingwex.a(snprintf.o)
                              c:/mingw/bin/../lib/gcc/mingw32/5.3.0/../../../libmingwex.a(dirent.o) (snprintf)
c:/mingw/bin/../lib/gcc/mingw32/5.3.0/../../../libmingwex.a(vsnprintf.o)
                              c:/mingw/bin/../lib/gcc/mingw32/5.3.0/../../../libmingwex.a(snprintf.o) (__mingw_vsnprintf)
c:/mingw/bin/../lib/gcc/mingw32/5.3.0/../../../libmingwex.a(varofmt.o)
                              c:/mingw/bin/../lib/gcc/mingw32/5.3.0/../../../libmingwex.a(pformat.o) (__mingw_output_format_flag)
c:/mingw/bin/../lib/gcc/mingw32/5.3.0/../../../libmingwex.a(mbrtowc.o)
                              c:/mingw/bin/../lib/gcc/mingw32/5.3.0/../../../libmingwex.a(pformat.o) (mbrtowc)
c:/mingw/bin/../lib/gcc/mingw32/5.3.0/../../../libmingwex.a(wcrtomb.o)
                              c:/mingw/bin/../lib/gcc/mingw32/5.3.0/../../../libmingwex.a(pformat.o) (wcrtomb)
c:/mingw/bin/../lib/gcc/mingw32/5.3.0/../../../libmingwex.a(gdtoa.o)
                              c:/mingw/bin/../lib/gcc/mingw32/5.3.0/../../../libmingwex.a(pformat.o) (__gdtoa)
c:/mingw/bin/../lib/gcc/mingw32/5.3.0/../../../libmingwex.a(gmisc.o)
                              c:/mingw/bin/../lib/gcc/mingw32/5.3.0/../../../libmingwex.a(gdtoa.o) (__rshift_D2A)
c:/mingw/bin/../lib/gcc/mingw32/5.3.0/../../../libmingwex.a(dmisc.o)
                              c:/mingw/bin/../lib/gcc/mingw32/5.3.0/../../../libmingwex.a(gdtoa.o) (__rv_alloc_D2A)
c:/mingw/bin/../lib/gcc/mingw32/5.3.0/../../../libmingwex.a(misc.o)
[...]
Memory Configuration

Name             Origin             Length             Attributes
*default*        0x00000000         0xffffffff

Linker script and memory map

                0x00400000                __image_base__ = 0x400000
                0x00000000                __dll__ = 0x0
                0x00400000                ___ImageBase = 0x400000
                0x00001000                __section_alignment__ = 0x1000
                0x00000200                __file_alignment__ = 0x200
                0x00000004                __major_os_version__ = 0x4
                0x00000000                __minor_os_version__ = 0x0
                0x00000001                __major_image_version__ = 0x1
                0x00000000                __minor_image_version__ = 0x0
                0x00000004                __major_subsystem_version__ = 0x4
                0x00000000                __minor_subsystem_version__ = 0x0
                0x00000003                __subsystem__ = 0x3
                0x00200000                __size_of_stack_reserve__ = 0x200000
                0x00001000                __size_of_stack_commit__ = 0x1000
                0x00100000                __size_of_heap_reserve__ = 0x100000
                0x00001000                __size_of_heap_commit__ = 0x1000
                0x00000000                __loader_flags__ = 0x0
                0x00000000                __dll_characteristics__ = 0x0
LOAD c:/mingw/bin/../lib/gcc/mingw32/5.3.0/../../../crt2.o
LOAD c:/mingw/bin/../lib/gcc/mingw32/5.3.0/crtbegin.o
LOAD main.o
LOAD memory.o
LOAD c:/mingw/bin/../lib/gcc/mingw32/5.3.0/../../../libmingw32.a
LOAD c:/mingw/bin/../lib/gcc/mingw32/5.3.0/libgcc.a
LOAD c:/mingw/bin/../lib/gcc/mingw32/5.3.0/libgcc_eh.a
LOAD c:/mingw/bin/../lib/gcc/mingw32/5.3.0/../../../libmoldname.a
LOAD c:/mingw/bin/../lib/gcc/mingw32/5.3.0/../../../libmingwex.a
LOAD c:/mingw/bin/../lib/gcc/mingw32/5.3.0/../../../libmsvcrt.a
LOAD c:/mingw/bin/../lib/gcc/mingw32/5.3.0/../../../libadvapi32.a
LOAD c:/mingw/bin/../lib/gcc/mingw32/5.3.0/../../../libshell32.a
LOAD c:/mingw/bin/../lib/gcc/mingw32/5.3.0/../../../libuser32.a
LOAD c:/mingw/bin/../lib/gcc/mingw32/5.3.0/../../../libkernel32.a
LOAD c:/mingw/bin/../lib/gcc/mingw32/5.3.0/../../../libmingw32.a
LOAD c:/mingw/bin/../lib/gcc/mingw32/5.3.0/libgcc.a
LOAD c:/mingw/bin/../lib/gcc/mingw32/5.3.0/libgcc_eh.a
LOAD c:/mingw/bin/../lib/gcc/mingw32/5.3.0/../../../libmoldname.a
LOAD c:/mingw/bin/../lib/gcc/mingw32/5.3.0/../../../libmingwex.a
LOAD c:/mingw/bin/../lib/gcc/mingw32/5.3.0/../../../libmsvcrt.a
LOAD c:/mingw/bin/../lib/gcc/mingw32/5.3.0/crtend.o
                0x00000358                . = SIZEOF_HEADERS
                0x00001000                . = ALIGN (__section_alignment__)

.text           0x00401000     0x8400
 *(.init)
 *(.text)
 .text          0x00401000      0x320 c:/mingw/bin/../lib/gcc/mingw32/5.3.0/../../../crt2.o
                0x00401280                _mingw32_init_mainargs
                0x004012c0                mainCRTStartup
                0x004012e0                WinMainCRTStartup
                0x00401300                atexit
                0x00401310                _onexit
 .text          0x00401320      0x120 c:/mingw/bin/../lib/gcc/mingw32/5.3.0/crtbegin.o
                0x00401320                __gcc_register_frame
                0x00401410                __gcc_deregister_frame
 .text          0x00401440      0x1d0 main.o
                0x00401469                main
 .text          0x00401610       0xb4 memory.o
                0x00401610                set_value
                0x0040162d                clear_value
                0x00401650                get_value
                0x00401660                set_all
                0x0040169e                clear_all
 .text          0x004016c4        0x0 c:/mingw/bin/../lib/gcc/mingw32/5.3.0/../../../libmingw32.a(CRTglob.o)
 *fill*         0x004016c4        0xc 
 .text          0x004016d0      0x380 c:/mingw/bin/../lib/gcc/mingw32/5.3.0/../../../libmingw32.a(setargv.o)
                0x004016d0                _setargv
 .text          0x00401a50        0x0 c:/mingw/bin/../lib/gcc/mingw32/5.3.0/../../../libmingw32.a(CRTfmode.o)
 .text          0x00401a50       0xe0 c:/mingw/bin/../lib/gcc/mingw32/5.3.0/../../../libmingw32.a(cpu_features.o)
                0x00401a50                __cpu_features_init
 .text          0x00401b30       0x10 c:/mingw/bin/../lib/gcc/mingw32/5.3.0/../../../libmingw32.a(CRT_fp10.o)
                0x00401b30                fpreset
                0x00401b30                _fpreset
 .text          0x00401b40        0x0 c:/mingw/bin/../lib/gcc/mingw32/5.3.0/../../../libmingw32.a(txtmode.o)
 .text          0x00401b40       0xa0 c:/mingw/bin/../lib/gcc/mingw32/5.3.0/../../../libmingw32.a(gccmain.o)
                0x00401b40                __do_global_dtors
                0x00401b70                __do_global_ctors
                0x00401bc0                __main
 .text          0x00401be0       0xf0 c:/mingw/bin/../lib/gcc/mingw32/5.3.0/../../../libmingw32.a(tlssup.o)
                0x00401c30                __dyn_tls_init@12
                0x00401cc0                __tlregdtor
 .text          0x00401cd0      0x220 c:/mingw/bin/../lib/gcc/mingw32/5.3.0/../../../libmingw32.a(tlsthrd.o)
                0x00401d30                ___w64_mingwthr_add_key_dtor
                0x00401db0                ___w64_mingwthr_remove_key_dtor
                0x00401e50                __mingw_TLScallback
 .text          0x00401ef0      0x310 c:/mingw/bin/../lib/gcc/mingw32/5.3.0/../../../libmingw32.a(pseudo-reloc.o)
                0x00402030                _pei386_runtime_relocator
 .text          0x00402200        0x0 c:/mingw/bin/../lib/gcc/mingw32/5.3.0/../../../libmingw32.a(pseudo-reloc-list.o)
 .text          0x00402200        0x0 c:/mingw/bin/../lib/gcc/mingw32/5.3.0/../../../libmingw32.a(crtst.o)
 .text          0x00402200       0x2c c:/mingw/bin/../lib/gcc/mingw32/5.3.0/libgcc.a(_chkstk_ms.o)
                0x00402200                __chkstk_ms
 .text          0x0040222c        0x0 c:/mingw/bin/../lib/gcc/mingw32/5.3.0/libgcc.a(_ctors.o)
 *fill*         0x0040222c        0x4 
 .text          0x00402230       0x40 c:/mingw/bin/../lib/gcc/mingw32/5.3.0/../../../libmingwex.a(vprintf.o)
                0x00402230                __mingw_vprintf
 .text          0x00402270      0xd10 c:/mingw/bin/../lib/gcc/mingw32/5.3.0/../../../libmingwex.a(glob.o)
                0x00402e30                __mingw_glob
                0x00402f20                __mingw_globfree
 .text          0x00402f80      0x3f0 c:/mingw/bin/../lib/gcc/mingw32/5.3.0/../../../libmingwex.a(dirname.o)
                0x00402f80                __mingw_dirname
 .text          0x00403370      0x4f0 c:/mingw/bin/../lib/gcc/mingw32/5.3.0/../../../libmingwex.a(dirent.o)
                0x004034f0                __mingw_opendir
                0x004036b0                __mingw_readdir
                0x00403700                __mingw_closedir
                0x00403750                __mingw_rewinddir
                0x004037b0                __mingw_telldir
                0x004037e0                __mingw_seekdir
 .text          0x00403860     0x2850 c:/mingw/bin/../lib/gcc/mingw32/5.3.0/../../../libmingwex.a(pformat.o)
                0x004051f0                __mingw_pformat
 .text          0x004060b0       0x30 c:/mingw/bin/../lib/gcc/mingw32/5.3.0/../../../libmingwex.a(snprintf.o)
                0x004060b0                snprintf
                0x004060b0                __mingw_snprintf
 .text          0x004060e0       0x80 c:/mingw/bin/../lib/gcc/mingw32/5.3.0/../../../libmingwex.a(vsnprintf.o)
                0x004060e0                __mingw_vsnprintf
                0x004060e0                vsnprintf
 .text          0x00406160        0x0 c:/mingw/bin/../lib/gcc/mingw32/5.3.0/../../../libmingwex.a(varofmt.o)
 .text          0x00406160      0x450 c:/mingw/bin/../lib/gcc/mingw32/5.3.0/../../../libmingwex.a(mbrtowc.o)
                0x004062f0                mbrtowc
                0x004063a0                mbsrtowcs
                0x00406520                mbrlen
 .text          0x004065b0      0x290 c:/mingw/bin/../lib/gcc/mingw32/5.3.0/../../../libmingwex.a(wcrtomb.o)
                0x00406650                wcrtomb
                0x004066d0                wcsrtombs
 .text          0x00406840     0x15b0 c:/mingw/bin/../lib/gcc/mingw32/5.3.0/../../../libmingwex.a(gdtoa.o)
                0x00406840                __gdtoa
 .text          0x00407df0      0x160 c:/mingw/bin/../lib/gcc/mingw32/5.3.0/../../../libmingwex.a(gmisc.o)
                0x00407df0                __rshift_D2A
                0x00407f10                __trailz_D2A
 .text          0x00407f50      0x2d0 c:/mingw/bin/../lib/gcc/mingw32/5.3.0/../../../libmingwex.a(dmisc.o)
                0x00407f50                __rv_alloc_D2A
                0x00407f90                __nrv_alloc_D2A
                0x00408010                __freedtoa
                0x00408030                __quorem_D2A
 .text          0x00408220      0xbd0 c:/mingw/bin/../lib/gcc/mingw32/5.3.0/../../../libmingwex.a(misc.o)
                0x00408340                __Balloc_D2A
                0x00408420                __Bfree_D2A
                0x00408490                __multadd_D2A
                0x00408580                __i2b_D2A
                0x004085b0                __mult_D2A
                0x00408710                __pow5mult_D2A
                0x00408880                __lshift_D2A
                0x004089b0                __cmp_D2A
                0x00408a00                __diff_D2A
                0x00408bc0                __b2d_D2A
                0x00408cc0                __d2b_D2A
                0x00408dc0                __strcp_D2A
 .text          0x00408df0        0x8 c:/mingw/bin/../lib/gcc/mingw32/5.3.0/../../../libmsvcrt.a(dfpcbs01325.o)
                0x00408df0                wcstombs
 .text          0x00408df8        0x8 c:/mingw/bin/../lib/gcc/mingw32/5.3.0/../../../libmsvcrt.a(dfpcbs01308.o)
                0x00408df8                wcslen
 .text          0x00408e00        0x8 c:/mingw/bin/../lib/gcc/mingw32/5.3.0/../../../libmsvcrt.a(dfpcbs01284.o)
                0x00408e00                vfprintf
 .text          0x00408e08        0x8 c:/mingw/bin/../lib/gcc/mingw32/5.3.0/../../../libmsvcrt.a(dfpcbs01277.o)
                0x00408e08                tolower
 .text          0x00408e10        0x8 c:/mingw/bin/../lib/gcc/mingw32/5.3.0/../../../libmsvcrt.a(dfpcbs01249.o)
                0x00408e10                strlen
 .text          0x00408e18        0x8 c:/mingw/bin/../lib/gcc/mingw32/5.3.0/../../../libmsvcrt.a(dfpcbs01242.o)
                0x00408e18                strcoll
 .text          0x00408e20        0x8 c:/mingw/bin/../lib/gcc/mingw32/5.3.0/../../../libmsvcrt.a(dfpcbs01240.o)
                0x00408e20                strchr
 .text          0x00408e28        0x8 c:/mingw/bin/../lib/gcc/mingw32/5.3.0/../../../libmsvcrt.a(dfpcbs01229.o)
                0x00408e28                signal
 .text          0x00408e30        0x8 c:/mingw/bin/../lib/gcc/mingw32/5.3.0/../../../libmsvcrt.a(dfpcbs01227.o)
                0x00408e30                setlocale
 .text          0x00408e38        0x8 c:/mingw/bin/../lib/gcc/mingw32/5.3.0/../../../libmsvcrt.a(dfpcbs01220.o)
                0x00408e38                realloc
 .text          0x00408e40        0x8 c:/mingw/bin/../lib/gcc/mingw32/5.3.0/../../../libmsvcrt.a(dfpcbs01199.o)
                0x00408e40                memcpy
 .text          0x00408e48        0x8 c:/mingw/bin/../lib/gcc/mingw32/5.3.0/../../../libmsvcrt.a(dfpcbs01194.o)
                0x00408e48                mbstowcs
 .text          0x00408e50        0x8 c:/mingw/bin/../lib/gcc/mingw32/5.3.0/../../../libmsvcrt.a(dfpcbs01187.o)
                0x00408e50                malloc
 .text          0x00408e58        0x8 c:/mingw/bin/../lib/gcc/mingw32/5.3.0/../../../libmsvcrt.a(dfpcbs01182.o)
                0x00408e58                localeconv
 .text          0x00408e60        0x8 c:/mingw/bin/../lib/gcc/mingw32/5.3.0/../../../libmsvcrt.a(dfpcbs01147.o)
                0x00408e60                getenv
 .text          0x00408e68        0x8 c:/mingw/bin/../lib/gcc/mingw32/5.3.0/../../../libmsvcrt.a(dfpcbs01142.o)
                0x00408e68                fwrite
 .text          0x00408e70        0x8 c:/mingw/bin/../lib/gcc/mingw32/5.3.0/../../../libmsvcrt.a(dfpcbs01131.o)
                0x00408e70                free
 .text          0x00408e78        0x8 c:/mingw/bin/../lib/gcc/mingw32/5.3.0/../../../libmsvcrt.a(dfpcbs01126.o)
                0x00408e78                fputc
 .text          0x00408e80        0x8 c:/mingw/bin/../lib/gcc/mingw32/5.3.0/../../../libmsvcrt.a(dfpcbs01098.o)
                0x00408e80                calloc
 .text          0x00408e88        0x8 c:/mingw/bin/../lib/gcc/mingw32/5.3.0/../../../libmsvcrt.a(dfpcbs01093.o)
                0x00408e88                atoi
 .text          0x00408e90        0x0 c:/mingw/bin/../lib/gcc/mingw32/5.3.0/../../../libmsvcrt.a(dfpcbs01091.o)
 .text          0x00408e90        0x8 c:/mingw/bin/../lib/gcc/mingw32/5.3.0/../../../libmsvcrt.a(dfpcbs01083.o)
                0x00408e90                abort
 .text          0x00408e98        0x8 c:/mingw/bin/../lib/gcc/mingw32/5.3.0/../../../libmsvcrt.a(dfpcbs00753.o)
                0x00408e98                _setmode
 .text          0x00408ea0        0x0 c:/mingw/bin/../lib/gcc/mingw32/5.3.0/../../../libmsvcrt.a(dfpcbs00698.o)
 .text          0x00408ea0        0x0 c:/mingw/bin/../lib/gcc/mingw32/5.3.0/../../../libmsvcrt.a(dfpcbs00689.o)
 .text          0x00408ea0        0x8 c:/mingw/bin/../lib/gcc/mingw32/5.3.0/../../../libmsvcrt.a(dfpcbs00422.o)
                0x00408ea0                _isctype
 .text          0x00408ea8        0x0 c:/mingw/bin/../lib/gcc/mingw32/5.3.0/../../../libmsvcrt.a(dfpcbs00417.o)
 .text          0x00408ea8        0x8 c:/mingw/bin/../lib/gcc/mingw32/5.3.0/../../../libmsvcrt.a(dfpcbs00350.o)
                0x00408ea8                _fullpath
 .text          0x00408eb0        0x8 c:/mingw/bin/../lib/gcc/mingw32/5.3.0/../../../libmsvcrt.a(dfpcbs00285.o)
                0x00408eb0                _errno
 .text          0x00408eb8        0x8 c:/mingw/bin/../lib/gcc/mingw32/5.3.0/../../../libmsvcrt.a(dfpcbs00219.o)
                0x00408eb8                _cexit
 .text          0x00408ec0        0x8 c:/mingw/bin/../lib/gcc/mingw32/5.3.0/../../../libmsvcrt.a(dfpcbs00133.o)
                0x00408ec0                __p__fmode
 .text          0x00408ec8        0x8 c:/mingw/bin/../lib/gcc/mingw32/5.3.0/../../../libmsvcrt.a(dfpcbs00131.o)
                0x00408ec8                __p__environ
 .text          0x00408ed0        0x0 c:/mingw/bin/../lib/gcc/mingw32/5.3.0/../../../libmsvcrt.a(dfpcbs00119.o)
 .text          0x00408ed0        0x8 c:/mingw/bin/../lib/gcc/mingw32/5.3.0/../../../libmsvcrt.a(dfpcbs00088.o)
                0x00408ed0                __getmainargs
 .text          0x00408ed8        0x0 c:/mingw/bin/../lib/gcc/mingw32/5.3.0/../../../libmsvcrt.a(dfpcbh.o)
 .text          0x00408ed8        0x0 c:/mingw/bin/../lib/gcc/mingw32/5.3.0/../../../libmsvcrt.a(dfpcbt.o)
 .text          0x00408ed8        0x8 c:/mingw/bin/../lib/gcc/mingw32/5.3.0/../../../libkernel32.a(dlsds01247.o)
                0x00408ed8                WideCharToMultiByte@32
 .text          0x00408ee0        0x8 c:/mingw/bin/../lib/gcc/mingw32/5.3.0/../../../libkernel32.a(dlsds01215.o)
                0x00408ee0                VirtualQuery@12
 .text          0x00408ee8        0x8 c:/mingw/bin/../lib/gcc/mingw32/5.3.0/../../../libkernel32.a(dlsds01213.o)
                0x00408ee8                VirtualProtect@16
 .text          0x00408ef0        0x8 c:/mingw/bin/../lib/gcc/mingw32/5.3.0/../../../libkernel32.a(dlsds01173.o)
                0x00408ef0                TlsGetValue@4
 .text          0x00408ef8        0x8 c:/mingw/bin/../lib/gcc/mingw32/5.3.0/../../../libkernel32.a(dlsds01152.o)
                0x00408ef8                Sleep@4
 .text          0x00408f00        0x8 c:/mingw/bin/../lib/gcc/mingw32/5.3.0/../../../libkernel32.a(dlsds01140.o)
                0x00408f00                SetUnhandledExceptionFilter@4
 .text          0x00408f08        0x8 c:/mingw/bin/../lib/gcc/mingw32/5.3.0/../../../libkernel32.a(dlsds00860.o)
                0x00408f08                MultiByteToWideChar@24
 .text          0x00408f10        0x8 c:/mingw/bin/../lib/gcc/mingw32/5.3.0/../../../libkernel32.a(dlsds00817.o)
                0x00408f10                LoadLibraryA@4
 .text          0x00408f18        0x8 c:/mingw/bin/../lib/gcc/mingw32/5.3.0/../../../libkernel32.a(dlsds00814.o)
                0x00408f18                LeaveCriticalSection@4
 .text          0x00408f20        0x8 c:/mingw/bin/../lib/gcc/mingw32/5.3.0/../../../libkernel32.a(dlsds00763.o)
                0x00408f20                IsDBCSLeadByteEx@8
 .text          0x00408f28        0x8 c:/mingw/bin/../lib/gcc/mingw32/5.3.0/../../../libkernel32.a(dlsds00744.o)
                0x00408f28                InterlockedExchange@8
 .text          0x00408f30        0x8 c:/mingw/bin/../lib/gcc/mingw32/5.3.0/../../../libkernel32.a(dlsds00734.o)
                0x00408f30                InitializeCriticalSection@4
 .text          0x00408f38        0x8 c:/mingw/bin/../lib/gcc/mingw32/5.3.0/../../../libkernel32.a(dlsds00577.o)
                0x00408f38                GetProcAddress@8
 .text          0x00408f40        0x8 c:/mingw/bin/../lib/gcc/mingw32/5.3.0/../../../libkernel32.a(dlsds00529.o)
                0x00408f40                GetModuleHandleA@4
 .text          0x00408f48        0x8 c:/mingw/bin/../lib/gcc/mingw32/5.3.0/../../../libkernel32.a(dlsds00510.o)
                0x00408f48                GetLastError@0
 .text          0x00408f50        0x8 c:/mingw/bin/../lib/gcc/mingw32/5.3.0/../../../libkernel32.a(dlsds00388.o)
                0x00408f50                GetCommandLineA@0
 .text          0x00408f58        0x8 c:/mingw/bin/../lib/gcc/mingw32/5.3.0/../../../libkernel32.a(dlsds00352.o)
                0x00408f58                FreeLibrary@4
 .text          0x00408f60        0x8 c:/mingw/bin/../lib/gcc/mingw32/5.3.0/../../../libkernel32.a(dlsds00321.o)
                0x00408f60                FindNextFileA@8
 .text          0x00408f68        0x8 c:/mingw/bin/../lib/gcc/mingw32/5.3.0/../../../libkernel32.a(dlsds00304.o)
                0x00408f68                FindFirstFileA@8
 .text          0x00408f70        0x8 c:/mingw/bin/../lib/gcc/mingw32/5.3.0/../../../libkernel32.a(dlsds00300.o)
                0x00408f70                FindClose@4
 .text          0x00408f78        0x8 c:/mingw/bin/../lib/gcc/mingw32/5.3.0/../../../libkernel32.a(dlsds00279.o)
                0x00408f78                ExitProcess@4
 .text          0x00408f80        0x8 c:/mingw/bin/../lib/gcc/mingw32/5.3.0/../../../libkernel32.a(dlsds00236.o)
                0x00408f80                EnterCriticalSection@4
 .text          0x00408f88        0x8 c:/mingw/bin/../lib/gcc/mingw32/5.3.0/../../../libkernel32.a(dlsds00207.o)
                0x00408f88                DeleteCriticalSection@4
 .text          0x00408f90        0x0 c:/mingw/bin/../lib/gcc/mingw32/5.3.0/../../../libkernel32.a(dlsdh.o)
 .text          0x00408f90        0x0 c:/mingw/bin/../lib/gcc/mingw32/5.3.0/../../../libkernel32.a(dlsdt.o)
 .text          0x00408f90      0x120 c:/mingw/bin/../lib/gcc/mingw32/5.3.0/libgcc.a(_udivdi3.o)
                0x00408f90                __udivdi3
 .text          0x004090b0      0x150 c:/mingw/bin/../lib/gcc/mingw32/5.3.0/libgcc.a(_umoddi3.o)
                0x004090b0                __umoddi3
 .text          0x00409200        0x8 c:/mingw/bin/../lib/gcc/mingw32/5.3.0/../../../libmoldname.a(doois00082.o)
                0x00409200                stricoll
 .text          0x00409208        0x8 c:/mingw/bin/../lib/gcc/mingw32/5.3.0/../../../libmoldname.a(doois00080.o)
                0x00409208                strdup
 .text          0x00409210        0x0 c:/mingw/bin/../lib/gcc/mingw32/5.3.0/../../../libmoldname.a(dooih.o)
 .text          0x00409210        0x0 c:/mingw/bin/../lib/gcc/mingw32/5.3.0/../../../libmoldname.a(dooit.o)
 .text          0x00409210        0x0 c:/mingw/bin/../lib/gcc/mingw32/5.3.0/crtend.o
 *(SORT(.text$*))
 *(.text.*)
 .text.unlikely
                0x00409210        0x0 c:/mingw/bin/../lib/gcc/mingw32/5.3.0/../../../crt2.o
 .text.unlikely
                0x00409210        0x0 c:/mingw/bin/../lib/gcc/mingw32/5.3.0/crtbegin.o
 .text.unlikely
                0x00409210        0x0 c:/mingw/bin/../lib/gcc/mingw32/5.3.0/../../../libmingw32.a(setargv.o)
 .text.unlikely
                0x00409210        0x0 c:/mingw/bin/../lib/gcc/mingw32/5.3.0/../../../libmingw32.a(cpu_features.o)
 .text.unlikely
                0x00409210        0x0 c:/mingw/bin/../lib/gcc/mingw32/5.3.0/../../../libmingw32.a(CRT_fp10.o)
 .text.unlikely
                0x00409210        0x0 c:/mingw/bin/../lib/gcc/mingw32/5.3.0/../../../libmingw32.a(gccmain.o)
 .text.unlikely
                0x00409210        0x0 c:/mingw/bin/../lib/gcc/mingw32/5.3.0/../../../libmingw32.a(tlssup.o)
 .text.unlikely
                0x00409210        0x0 c:/mingw/bin/../lib/gcc/mingw32/5.3.0/../../../libmingw32.a(tlsthrd.o)
 .text.unlikely
                0x00409210        0x0 c:/mingw/bin/../lib/gcc/mingw32/5.3.0/../../../libmingw32.a(pseudo-reloc.o)
 .text.unlikely
                0x00409210        0x0 c:/mingw/bin/../lib/gcc/mingw32/5.3.0/../../../libmingwex.a(vprintf.o)
 .text.unlikely
                0x00409210        0x0 c:/mingw/bin/../lib/gcc/mingw32/5.3.0/../../../libmingwex.a(glob.o)
 .text.unlikely
                0x00409210        0x0 c:/mingw/bin/../lib/gcc/mingw32/5.3.0/../../../libmingwex.a(dirname.o)
 .text.unlikely
                0x00409210        0x0 c:/mingw/bin/../lib/gcc/mingw32/5.3.0/../../../libmingwex.a(dirent.o)
 .text.unlikely
                0x00409210        0x0 c:/mingw/bin/../lib/gcc/mingw32/5.3.0/../../../libmingwex.a(pformat.o)
 .text.unlikely
                0x00409210        0x0 c:/mingw/bin/../lib/gcc/mingw32/5.3.0/../../../libmingwex.a(snprintf.o)
 .text.unlikely
                0x00409210        0x0 c:/mingw/bin/../lib/gcc/mingw32/5.3.0/../../../libmingwex.a(vsnprintf.o)
 .text.unlikely
                0x00409210        0x0 c:/mingw/bin/../lib/gcc/mingw32/5.3.0/../../../libmingwex.a(mbrtowc.o)
 .text.unlikely
                0x00409210        0x0 c:/mingw/bin/../lib/gcc/mingw32/5.3.0/../../../libmingwex.a(wcrtomb.o)
 .text.unlikely
                0x00409210        0x0 c:/mingw/bin/../lib/gcc/mingw32/5.3.0/../../../libmingwex.a(gdtoa.o)
 .text.unlikely
                0x00409210        0x0 c:/mingw/bin/../lib/gcc/mingw32/5.3.0/../../../libmingwex.a(gmisc.o)
 .text.unlikely
                0x00409210        0x0 c:/mingw/bin/../lib/gcc/mingw32/5.3.0/../../../libmingwex.a(dmisc.o)
 .text.unlikely
                0x00409210        0x0 c:/mingw/bin/../lib/gcc/mingw32/5.3.0/../../../libmingwex.a(misc.o)
 .text.unlikely
                0x00409210        0x0 c:/mingw/bin/../lib/gcc/mingw32/5.3.0/libgcc.a(_udivdi3.o)
 .text.unlikely
                0x00409210        0x0 c:/mingw/bin/../lib/gcc/mingw32/5.3.0/libgcc.a(_umoddi3.o)
 .text.unlikely
                0x00409210        0x0 c:/mingw/bin/../lib/gcc/mingw32/5.3.0/crtend.o
 .text.startup  0x00409210       0x10 c:/mingw/bin/../lib/gcc/mingw32/5.3.0/crtend.o
 *(.gnu.linkonce.t.*)
 *(.glue_7t)
 *(.glue_7)
                0x00409220                ___CTOR_LIST__ = .
                0x00409220                __CTOR_LIST__ = .
                0x00409220        0x4 LONG 0xffffffff
 *(.ctors)
 *(.ctor)
 *(SORT(.ctors.*))
 .ctors.65535   0x00409224        0x4 c:/mingw/bin/../lib/gcc/mingw32/5.3.0/crtend.o
                0x00409228        0x4 LONG 0x0
                0x0040922c                ___DTOR_LIST__ = .
                0x0040922c                __DTOR_LIST__ = .
                0x0040922c        0x4 LONG 0xffffffff
 *(.dtors)
 *(.dtor)
 *(SORT(.dtors.*))
                0x00409230        0x4 LONG 0x0
 *(.fini)
 *(.gcc_exc)
                [!provide]                PROVIDE (etext, .)
                [!provide]                PROVIDE (_etext, .)
 *(.gcc_except_table)

.data           0x0040a000      0x200
                0x0040a000                __data_start__ = .
 *(.data)
 .data          0x0040a000        0x0 c:/mingw/bin/../lib/gcc/mingw32/5.3.0/../../../crt2.o
 .data          0x0040a000        0x4 c:/mingw/bin/../lib/gcc/mingw32/5.3.0/crtbegin.o
 .data          0x0040a004        0x0 main.o
 .data          0x0040a004        0x0 memory.o
 .data          0x0040a004        0x4 c:/mingw/bin/../lib/gcc/mingw32/5.3.0/../../../libmingw32.a(CRTglob.o)
                0x0040a004                _CRT_glob
 .data          0x0040a008        0x0 c:/mingw/bin/../lib/gcc/mingw32/5.3.0/../../../libmingw32.a(setargv.o)
 .data          0x0040a008        0x0 c:/mingw/bin/../lib/gcc/mingw32/5.3.0/../../../libmingw32.a(CRTfmode.o)
 .data          0x0040a008        0x0 c:/mingw/bin/../lib/gcc/mingw32/5.3.0/../../../libmingw32.a(cpu_features.o)
 .data          0x0040a008        0x0 c:/mingw/bin/../lib/gcc/mingw32/5.3.0/../../../libmingw32.a(CRT_fp10.o)
 .data          0x0040a008        0x4 c:/mingw/bin/../lib/gcc/mingw32/5.3.0/../../../libmingw32.a(txtmode.o)
                0x0040a008                _fmode
 .data          0x0040a00c        0x4 c:/mingw/bin/../lib/gcc/mingw32/5.3.0/../../../libmingw32.a(gccmain.o)
 .data          0x0040a010        0x0 c:/mingw/bin/../lib/gcc/mingw32/5.3.0/../../../libmingw32.a(tlssup.o)
 .data          0x0040a010        0x0 c:/mingw/bin/../lib/gcc/mingw32/5.3.0/../../../libmingw32.a(tlsthrd.o)
 .data          0x0040a010        0x0 c:/mingw/bin/../lib/gcc/mingw32/5.3.0/../../../libmingw32.a(pseudo-reloc.o)
 .data          0x0040a010        0x0 c:/mingw/bin/../lib/gcc/mingw32/5.3.0/../../../libmingw32.a(pseudo-reloc-list.o)
 .data          0x0040a010        0x0 c:/mingw/bin/../lib/gcc/mingw32/5.3.0/../../../libmingw32.a(crtst.o)
 .data          0x0040a010        0x0 c:/mingw/bin/../lib/gcc/mingw32/5.3.0/libgcc.a(_chkstk_ms.o)
 .data          0x0040a010        0x0 c:/mingw/bin/../lib/gcc/mingw32/5.3.0/libgcc.a(_ctors.o)
 .data          0x0040a010        0x0 c:/mingw/bin/../lib/gcc/mingw32/5.3.0/../../../libmingwex.a(vprintf.o)
 .data          0x0040a010        0x0 c:/mingw/bin/../lib/gcc/mingw32/5.3.0/../../../libmingwex.a(glob.o)
 .data          0x0040a010        0x0 c:/mingw/bin/../lib/gcc/mingw32/5.3.0/../../../libmingwex.a(dirname.o)
 .data          0x0040a010        0x0 c:/mingw/bin/../lib/gcc/mingw32/5.3.0/../../../libmingwex.a(dirent.o)
 .data          0x0040a010       0x14 c:/mingw/bin/../lib/gcc/mingw32/5.3.0/../../../libmingwex.a(pformat.o)
 .data          0x0040a024        0x0 c:/mingw/bin/../lib/gcc/mingw32/5.3.0/../../../libmingwex.a(snprintf.o)
 .data          0x0040a024        0x0 c:/mingw/bin/../lib/gcc/mingw32/5.3.0/../../../libmingwex.a(vsnprintf.o)
 .data          0x0040a024        0x0 c:/mingw/bin/../lib/gcc/mingw32/5.3.0/../../../libmingwex.a(varofmt.o)
 .data          0x0040a024        0x0 c:/mingw/bin/../lib/gcc/mingw32/5.3.0/../../../libmingwex.a(mbrtowc.o)
 .data          0x0040a024        0x0 c:/mingw/bin/../lib/gcc/mingw32/5.3.0/../../../libmingwex.a(wcrtomb.o)
 .data          0x0040a024        0x0 c:/mingw/bin/../lib/gcc/mingw32/5.3.0/../../../libmingwex.a(gdtoa.o)
 .data          0x0040a024        0x0 c:/mingw/bin/../lib/gcc/mingw32/5.3.0/../../../libmingwex.a(gmisc.o)
 .data          0x0040a024        0x0 c:/mingw/bin/../lib/gcc/mingw32/5.3.0/../../../libmingwex.a(dmisc.o)
 .data          0x0040a024        0x4 c:/mingw/bin/../lib/gcc/mingw32/5.3.0/../../../libmingwex.a(misc.o)
 .data          0x0040a028        0x0 c:/mingw/bin/../lib/gcc/mingw32/5.3.0/../../../libmsvcrt.a(dfpcbs01325.o)
 .data          0x0040a028        0x0 c:/mingw/bin/../lib/gcc/mingw32/5.3.0/../../../libmsvcrt.a(dfpcbs01308.o)
 .data          0x0040a028        0x0 c:/mingw/bin/../lib/gcc/mingw32/5.3.0/../../../libmsvcrt.a(dfpcbs01284.o)
 .data          0x0040a028        0x0 c:/mingw/bin/../lib/gcc/mingw32/5.3.0/../../../libmsvcrt.a(dfpcbs01277.o)
 .data          0x0040a028        0x0 c:/mingw/bin/../lib/gcc/mingw32/5.3.0/../../../libmsvcrt.a(dfpcbs01249.o)
 .data          0x0040a028        0x0 c:/mingw/bin/../lib/gcc/mingw32/5.3.0/../../../libmsvcrt.a(dfpcbs01242.o)
 .data          0x0040a028        0x0 c:/mingw/bin/../lib/gcc/mingw32/5.3.0/../../../libmsvcrt.a(dfpcbs01240.o)
 .data          0x0040a028        0x0 c:/mingw/bin/../lib/gcc/mingw32/5.3.0/../../../libmsvcrt.a(dfpcbs01229.o)
 .data          0x0040a028        0x0 c:/mingw/bin/../lib/gcc/mingw32/5.3.0/../../../libmsvcrt.a(dfpcbs01227.o)
 .data          0x0040a028        0x0 c:/mingw/bin/../lib/gcc/mingw32/5.3.0/../../../libmsvcrt.a(dfpcbs01220.o)
 .data          0x0040a028        0x0 c:/mingw/bin/../lib/gcc/mingw32/5.3.0/../../../libmsvcrt.a(dfpcbs01199.o)
 .data          0x0040a028        0x0 c:/mingw/bin/../lib/gcc/mingw32/5.3.0/../../../libmsvcrt.a(dfpcbs01194.o)
 .data          0x0040a028        0x0 c:/mingw/bin/../lib/gcc/mingw32/5.3.0/../../../libmsvcrt.a(dfpcbs01187.o)
 .data          0x0040a028        0x0 c:/mingw/bin/../lib/gcc/mingw32/5.3.0/../../../libmsvcrt.a(dfpcbs01182.o)
 .data          0x0040a028        0x0 c:/mingw/bin/../lib/gcc/mingw32/5.3.0/../../../libmsvcrt.a(dfpcbs01147.o)
 .data          0x0040a028        0x0 c:/mingw/bin/../lib/gcc/mingw32/5.3.0/../../../libmsvcrt.a(dfpcbs01142.o)
 .data          0x0040a028        0x0 c:/mingw/bin/../lib/gcc/mingw32/5.3.0/../../../libmsvcrt.a(dfpcbs01131.o)
 .data          0x0040a028        0x0 c:/mingw/bin/../lib/gcc/mingw32/5.3.0/../../../libmsvcrt.a(dfpcbs01126.o)
 .data          0x0040a028        0x0 c:/mingw/bin/../lib/gcc/mingw32/5.3.0/../../../libmsvcrt.a(dfpcbs01098.o)
 .data          0x0040a028        0x0 c:/mingw/bin/../lib/gcc/mingw32/5.3.0/../../../libmsvcrt.a(dfpcbs01093.o)
 .data          0x0040a028        0x0 c:/mingw/bin/../lib/gcc/mingw32/5.3.0/../../../libmsvcrt.a(dfpcbs01091.o)
 .data          0x0040a028        0x0 c:/mingw/bin/../lib/gcc/mingw32/5.3.0/../../../libmsvcrt.a(dfpcbs01083.o)
 .data          0x0040a028        0x0 c:/mingw/bin/../lib/gcc/mingw32/5.3.0/../../../libmsvcrt.a(dfpcbs00753.o)
 .data          0x0040a028        0x0 c:/mingw/bin/../lib/gcc/mingw32/5.3.0/../../../libmsvcrt.a(dfpcbs00698.o)
 .data          0x0040a028        0x0 c:/mingw/bin/../lib/gcc/mingw32/5.3.0/../../../libmsvcrt.a(dfpcbs00689.o)
 .data          0x0040a028        0x0 c:/mingw/bin/../lib/gcc/mingw32/5.3.0/../../../libmsvcrt.a(dfpcbs00422.o)
 .data          0x0040a028        0x0 c:/mingw/bin/../lib/gcc/mingw32/5.3.0/../../../libmsvcrt.a(dfpcbs00417.o)
 .data          0x0040a028        0x0 c:/mingw/bin/../lib/gcc/mingw32/5.3.0/../../../libmsvcrt.a(dfpcbs00350.o)
 .data          0x0040a028        0x0 c:/mingw/bin/../lib/gcc/mingw32/5.3.0/../../../libmsvcrt.a(dfpcbs00285.o)
 .data          0x0040a028        0x0 c:/mingw/bin/../lib/gcc/mingw32/5.3.0/../../../libmsvcrt.a(dfpcbs00219.o)
 .data          0x0040a028        0x0 c:/mingw/bin/../lib/gcc/mingw32/5.3.0/../../../libmsvcrt.a(dfpcbs00153.o)
 .data          0x0040a028        0x0 c:/mingw/bin/../lib/gcc/mingw32/5.3.0/../../../libmsvcrt.a(dfpcbs00133.o)
 .data          0x0040a028        0x0 c:/mingw/bin/../lib/gcc/mingw32/5.3.0/../../../libmsvcrt.a(dfpcbs00131.o)
 .data          0x0040a028        0x0 c:/mingw/bin/../lib/gcc/mingw32/5.3.0/../../../libmsvcrt.a(dfpcbs00119.o)
 .data          0x0040a028        0x0 c:/mingw/bin/../lib/gcc/mingw32/5.3.0/../../../libmsvcrt.a(dfpcbs00088.o)
 .data          0x0040a028        0x0 c:/mingw/bin/../lib/gcc/mingw32/5.3.0/../../../libmsvcrt.a(dfpcbh.o)
 .data          0x0040a028        0x0 c:/mingw/bin/../lib/gcc/mingw32/5.3.0/../../../libmsvcrt.a(dfpcbt.o)
 .data          0x0040a028        0x0 c:/mingw/bin/../lib/gcc/mingw32/5.3.0/../../../libkernel32.a(dlsds01247.o)
 .data          0x0040a028        0x0 c:/mingw/bin/../lib/gcc/mingw32/5.3.0/../../../libkernel32.a(dlsds01215.o)
 .data          0x0040a028        0x0 c:/mingw/bin/../lib/gcc/mingw32/5.3.0/../../../libkernel32.a(dlsds01213.o)
 .data          0x0040a028        0x0 c:/mingw/bin/../lib/gcc/mingw32/5.3.0/../../../libkernel32.a(dlsds01173.o)
 .data          0x0040a028        0x0 c:/mingw/bin/../lib/gcc/mingw32/5.3.0/../../../libkernel32.a(dlsds01152.o)
 .data          0x0040a028        0x0 c:/mingw/bin/../lib/gcc/mingw32/5.3.0/../../../libkernel32.a(dlsds01140.o)
 .data          0x0040a028        0x0 c:/mingw/bin/../lib/gcc/mingw32/5.3.0/../../../libkernel32.a(dlsds00860.o)
 .data          0x0040a028        0x0 c:/mingw/bin/../lib/gcc/mingw32/5.3.0/../../../libkernel32.a(dlsds00817.o)
 .data          0x0040a028        0x0 c:/mingw/bin/../lib/gcc/mingw32/5.3.0/../../../libkernel32.a(dlsds00814.o)
 .data          0x0040a028        0x0 c:/mingw/bin/../lib/gcc/mingw32/5.3.0/../../../libkernel32.a(dlsds00763.o)
 .data          0x0040a028        0x0 c:/mingw/bin/../lib/gcc/mingw32/5.3.0/../../../libkernel32.a(dlsds00744.o)
 .data          0x0040a028        0x0 c:/mingw/bin/../lib/gcc/mingw32/5.3.0/../../../libkernel32.a(dlsds00734.o)
 .data          0x0040a028        0x0 c:/mingw/bin/../lib/gcc/mingw32/5.3.0/../../../libkernel32.a(dlsds00577.o)
 .data          0x0040a028        0x0 c:/mingw/bin/../lib/gcc/mingw32/5.3.0/../../../libkernel32.a(dlsds00529.o)
 .data          0x0040a028        0x0 c:/mingw/bin/../lib/gcc/mingw32/5.3.0/../../../libkernel32.a(dlsds00510.o)
 .data          0x0040a028        0x0 c:/mingw/bin/../lib/gcc/mingw32/5.3.0/../../../libkernel32.a(dlsds00388.o)
 .data          0x0040a028        0x0 c:/mingw/bin/../lib/gcc/mingw32/5.3.0/../../../libkernel32.a(dlsds00352.o)
 .data          0x0040a028        0x0 c:/mingw/bin/../lib/gcc/mingw32/5.3.0/../../../libkernel32.a(dlsds00321.o)
 .data          0x0040a028        0x0 c:/mingw/bin/../lib/gcc/mingw32/5.3.0/../../../libkernel32.a(dlsds00304.o)
 .data          0x0040a028        0x0 c:/mingw/bin/../lib/gcc/mingw32/5.3.0/../../../libkernel32.a(dlsds00300.o)
 .data          0x0040a028        0x0 c:/mingw/bin/../lib/gcc/mingw32/5.3.0/../../../libkernel32.a(dlsds00279.o)
 .data          0x0040a028        0x0 c:/mingw/bin/../lib/gcc/mingw32/5.3.0/../../../libkernel32.a(dlsds00236.o)
 .data          0x0040a028        0x0 c:/mingw/bin/../lib/gcc/mingw32/5.3.0/../../../libkernel32.a(dlsds00207.o)
 .data          0x0040a028        0x0 c:/mingw/bin/../lib/gcc/mingw32/5.3.0/../../../libkernel32.a(dlsdh.o)
 .data          0x0040a028        0x0 c:/mingw/bin/../lib/gcc/mingw32/5.3.0/../../../libkernel32.a(dlsdt.o)
 .data          0x0040a028        0x0 c:/mingw/bin/../lib/gcc/mingw32/5.3.0/libgcc.a(_udivdi3.o)
 .data          0x0040a028        0x0 c:/mingw/bin/../lib/gcc/mingw32/5.3.0/libgcc.a(_umoddi3.o)
 .data          0x0040a028        0x0 c:/mingw/bin/../lib/gcc/mingw32/5.3.0/../../../libmoldname.a(doois00082.o)
 .data          0x0040a028        0x0 c:/mingw/bin/../lib/gcc/mingw32/5.3.0/../../../libmoldname.a(doois00080.o)
 .data          0x0040a028        0x0 c:/mingw/bin/../lib/gcc/mingw32/5.3.0/../../../libmoldname.a(dooih.o)
 .data          0x0040a028        0x0 c:/mingw/bin/../lib/gcc/mingw32/5.3.0/../../../libmoldname.a(dooit.o)
 .data          0x0040a028        0x0 c:/mingw/bin/../lib/gcc/mingw32/5.3.0/crtend.o
 *(.data2)
 *(SORT(.data$*))
 *(.jcr)
 .jcr           0x0040a028        0x0 c:/mingw/bin/../lib/gcc/mingw32/5.3.0/crtbegin.o
 .jcr           0x0040a028        0x4 c:/mingw/bin/../lib/gcc/mingw32/5.3.0/crtend.o
                0x0040a02c                __data_end__ = .
 *(.data_cygwin_nocopy)

.rdata          0x0040b000      0xa00
 *(.rdata)
 .rdata         0x0040b000       0x64 c:/mingw/bin/../lib/gcc/mingw32/5.3.0/crtbegin.o
 .rdata         0x0040b064        0x8 main.o
 .rdata         0x0040b06c        0x4 c:/mingw/bin/../lib/gcc/mingw32/5.3.0/../../../libmingw32.a(tlssup.o)
                0x0040b06c                __dyn_tls_init_callback
 .rdata         0x0040b070       0xac c:/mingw/bin/../lib/gcc/mingw32/5.3.0/../../../libmingw32.a(pseudo-reloc.o)
 .rdata         0x0040b11c       0x14 c:/mingw/bin/../lib/gcc/mingw32/5.3.0/../../../libmingwex.a(glob.o)
 .rdata         0x0040b130        0x8 c:/mingw/bin/../lib/gcc/mingw32/5.3.0/../../../libmingwex.a(dirname.o)
 .rdata         0x0040b138        0x4 c:/mingw/bin/../lib/gcc/mingw32/5.3.0/../../../libmingwex.a(dirent.o)
 .rdata         0x0040b13c      0x290 c:/mingw/bin/../lib/gcc/mingw32/5.3.0/../../../libmingwex.a(pformat.o)
 *fill*         0x0040b3cc        0x4 
 .rdata         0x0040b3d0       0x68 c:/mingw/bin/../lib/gcc/mingw32/5.3.0/../../../libmingwex.a(gdtoa.o)
 *fill*         0x0040b438        0x8 
 .rdata         0x0040b440      0x160 c:/mingw/bin/../lib/gcc/mingw32/5.3.0/../../../libmingwex.a(misc.o)
                0x0040b460                __tens_D2A
                0x0040b520                __tinytens_D2A
                0x0040b560                __bigtens_D2A
 *(SORT(.rdata$*))
 .rdata$zzz     0x0040b5a0       0x14 c:/mingw/bin/../lib/gcc/mingw32/5.3.0/../../../crt2.o
 .rdata$zzz     0x0040b5b4       0x14 c:/mingw/bin/../lib/gcc/mingw32/5.3.0/crtbegin.o
 .rdata$zzz     0x0040b5c8       0x14 main.o
 .rdata$zzz     0x0040b5dc       0x14 memory.o
 .rdata$zzz     0x0040b5f0       0x14 c:/mingw/bin/../lib/gcc/mingw32/5.3.0/../../../libmingw32.a(CRTglob.o)
 .rdata$zzz     0x0040b604       0x14 c:/mingw/bin/../lib/gcc/mingw32/5.3.0/../../../libmingw32.a(setargv.o)
 .rdata$zzz     0x0040b618       0x14 c:/mingw/bin/../lib/gcc/mingw32/5.3.0/../../../libmingw32.a(CRTfmode.o)
 .rdata$zzz     0x0040b62c       0x14 c:/mingw/bin/../lib/gcc/mingw32/5.3.0/../../../libmingw32.a(cpu_features.o)
 .rdata$zzz     0x0040b640       0x14 c:/mingw/bin/../lib/gcc/mingw32/5.3.0/../../../libmingw32.a(CRT_fp10.o)
 .rdata$zzz     0x0040b654       0x14 c:/mingw/bin/../lib/gcc/mingw32/5.3.0/../../../libmingw32.a(txtmode.o)
 .rdata$zzz     0x0040b668       0x14 c:/mingw/bin/../lib/gcc/mingw32/5.3.0/../../../libmingw32.a(gccmain.o)
 .rdata$zzz     0x0040b67c       0x14 c:/mingw/bin/../lib/gcc/mingw32/5.3.0/../../../libmingw32.a(tlssup.o)
 .rdata$zzz     0x0040b690       0x14 c:/mingw/bin/../lib/gcc/mingw32/5.3.0/../../../libmingw32.a(tlsthrd.o)
 .rdata$zzz     0x0040b6a4       0x14 c:/mingw/bin/../lib/gcc/mingw32/5.3.0/../../../libmingw32.a(pseudo-reloc.o)
 .rdata$zzz     0x0040b6b8       0x14 c:/mingw/bin/../lib/gcc/mingw32/5.3.0/../../../libmingw32.a(pseudo-reloc-list.o)
 .rdata$zzz     0x0040b6cc       0x14 c:/mingw/bin/../lib/gcc/mingw32/5.3.0/../../../libmingw32.a(crtst.o)
 .rdata$zzz     0x0040b6e0       0x14 c:/mingw/bin/../lib/gcc/mingw32/5.3.0/libgcc.a(_ctors.o)
 .rdata$zzz     0x0040b6f4       0x14 c:/mingw/bin/../lib/gcc/mingw32/5.3.0/../../../libmingwex.a(vprintf.o)
 .rdata$zzz     0x0040b708       0x14 c:/mingw/bin/../lib/gcc/mingw32/5.3.0/../../../libmingwex.a(glob.o)
 .rdata$zzz     0x0040b71c       0x14 c:/mingw/bin/../lib/gcc/mingw32/5.3.0/../../../libmingwex.a(dirname.o)
 .rdata$zzz     0x0040b730       0x14 c:/mingw/bin/../lib/gcc/mingw32/5.3.0/../../../libmingwex.a(dirent.o)
 .rdata$zzz     0x0040b744       0x14 c:/mingw/bin/../lib/gcc/mingw32/5.3.0/../../../libmingwex.a(pformat.o)
 .rdata$zzz     0x0040b758       0x14 c:/mingw/bin/../lib/gcc/mingw32/5.3.0/../../../libmingwex.a(snprintf.o)
 .rdata$zzz     0x0040b76c       0x14 c:/mingw/bin/../lib/gcc/mingw32/5.3.0/../../../libmingwex.a(vsnprintf.o)
 .rdata$zzz     0x0040b780       0x14 c:/mingw/bin/../lib/gcc/mingw32/5.3.0/../../../libmingwex.a(varofmt.o)
 .rdata$zzz     0x0040b794       0x14 c:/mingw/bin/../lib/gcc/mingw32/5.3.0/../../../libmingwex.a(mbrtowc.o)
 .rdata$zzz     0x0040b7a8       0x14 c:/mingw/bin/../lib/gcc/mingw32/5.3.0/../../../libmingwex.a(wcrtomb.o)
 .rdata$zzz     0x0040b7bc       0x14 c:/mingw/bin/../lib/gcc/mingw32/5.3.0/../../../libmingwex.a(gdtoa.o)
 .rdata$zzz     0x0040b7d0       0x14 c:/mingw/bin/../lib/gcc/mingw32/5.3.0/../../../libmingwex.a(gmisc.o)
 .rdata$zzz     0x0040b7e4       0x14 c:/mingw/bin/../lib/gcc/mingw32/5.3.0/../../../libmingwex.a(dmisc.o)
 .rdata$zzz     0x0040b7f8       0x14 c:/mingw/bin/../lib/gcc/mingw32/5.3.0/../../../libmingwex.a(misc.o)
 .rdata$zzz     0x0040b80c       0x14 c:/mingw/bin/../lib/gcc/mingw32/5.3.0/libgcc.a(_udivdi3.o)
 .rdata$zzz     0x0040b820       0x14 c:/mingw/bin/../lib/gcc/mingw32/5.3.0/libgcc.a(_umoddi3.o)
 .rdata$zzz     0x0040b834       0x14 c:/mingw/bin/../lib/gcc/mingw32/5.3.0/crtend.o
                0x0040b848                __rt_psrelocs_start = .
 *(.rdata_runtime_pseudo_reloc)
                0x0040b848                __rt_psrelocs_end = .
                0x00000000                __rt_psrelocs_size = (__rt_psrelocs_end - __rt_psrelocs_start)
                0x0040b848                ___RUNTIME_PSEUDO_RELOC_LIST_END__ = .
                0x0040b848                __RUNTIME_PSEUDO_RELOC_LIST_END__ = .
                0x0040b848                ___RUNTIME_PSEUDO_RELOC_LIST__ = (. - __rt_psrelocs_size)
                0x0040b848                __RUNTIME_PSEUDO_RELOC_LIST__ = (. - __rt_psrelocs_size)

.eh_frame       0x0040c000     0x1a00
 *(.eh_frame*)
 .eh_frame      0x0040c000       0xc8 c:/mingw/bin/../lib/gcc/mingw32/5.3.0/../../../crt2.o
 .eh_frame      0x0040c0c8       0x64 c:/mingw/bin/../lib/gcc/mingw32/5.3.0/crtbegin.o
                0x0040c0c8                __EH_FRAME_BEGIN__
 .eh_frame      0x0040c12c       0x5c main.o
 .eh_frame      0x0040c188       0xb8 memory.o
 .eh_frame      0x0040c240       0x58 c:/mingw/bin/../lib/gcc/mingw32/5.3.0/../../../libmingw32.a(setargv.o)
 .eh_frame      0x0040c298       0x38 c:/mingw/bin/../lib/gcc/mingw32/5.3.0/../../../libmingw32.a(cpu_features.o)
 .eh_frame      0x0040c2d0       0x2c c:/mingw/bin/../lib/gcc/mingw32/5.3.0/../../../libmingw32.a(CRT_fp10.o)
 .eh_frame      0x0040c2fc       0x68 c:/mingw/bin/../lib/gcc/mingw32/5.3.0/../../../libmingw32.a(gccmain.o)
 .eh_frame      0x0040c364       0x88 c:/mingw/bin/../lib/gcc/mingw32/5.3.0/../../../libmingw32.a(tlssup.o)
 .eh_frame      0x0040c3ec       0xf0 c:/mingw/bin/../lib/gcc/mingw32/5.3.0/../../../libmingw32.a(tlsthrd.o)
 .eh_frame      0x0040c4dc       0xd8 c:/mingw/bin/../lib/gcc/mingw32/5.3.0/../../../libmingw32.a(pseudo-reloc.o)
 .eh_frame      0x0040c5b4       0x30 c:/mingw/bin/../lib/gcc/mingw32/5.3.0/../../../libmingwex.a(vprintf.o)
 .eh_frame      0x0040c5e4      0x268 c:/mingw/bin/../lib/gcc/mingw32/5.3.0/../../../libmingwex.a(glob.o)
 .eh_frame      0x0040c84c       0x58 c:/mingw/bin/../lib/gcc/mingw32/5.3.0/../../../libmingwex.a(dirname.o)
 .eh_frame      0x0040c8a4      0x1c4 c:/mingw/bin/../lib/gcc/mingw32/5.3.0/../../../libmingwex.a(dirent.o)
 .eh_frame      0x0040ca68      0x41c c:/mingw/bin/../lib/gcc/mingw32/5.3.0/../../../libmingwex.a(pformat.o)
 .eh_frame      0x0040ce84       0x30 c:/mingw/bin/../lib/gcc/mingw32/5.3.0/../../../libmingwex.a(snprintf.o)
 .eh_frame      0x0040ceb4       0x50 c:/mingw/bin/../lib/gcc/mingw32/5.3.0/../../../libmingwex.a(vsnprintf.o)
 .eh_frame      0x0040cf04      0x158 c:/mingw/bin/../lib/gcc/mingw32/5.3.0/../../../libmingwex.a(mbrtowc.o)
 .eh_frame      0x0040d05c       0xf8 c:/mingw/bin/../lib/gcc/mingw32/5.3.0/../../../libmingwex.a(wcrtomb.o)
 .eh_frame      0x0040d154       0xa0 c:/mingw/bin/../lib/gcc/mingw32/5.3.0/../../../libmingwex.a(gdtoa.o)
 .eh_frame      0x0040d1f4       0x98 c:/mingw/bin/../lib/gcc/mingw32/5.3.0/../../../libmingwex.a(gmisc.o)
 .eh_frame      0x0040d28c       0xc4 c:/mingw/bin/../lib/gcc/mingw32/5.3.0/../../../libmingwex.a(dmisc.o)
 .eh_frame      0x0040d350      0x384 c:/mingw/bin/../lib/gcc/mingw32/5.3.0/../../../libmingwex.a(misc.o)
 .eh_frame      0x0040d6d4       0x9c c:/mingw/bin/../lib/gcc/mingw32/5.3.0/libgcc.a(_udivdi3.o)
 .eh_frame      0x0040d770       0x9c c:/mingw/bin/../lib/gcc/mingw32/5.3.0/libgcc.a(_umoddi3.o)
 .eh_frame      0x0040d80c       0x3c c:/mingw/bin/../lib/gcc/mingw32/5.3.0/crtend.o

.pdata
 *(.pdata)

.bss            0x0040e000      0xa40
                0x0040e000                __bss_start__ = .
 *(.bss)
 .bss           0x0040e000        0x8 c:/mingw/bin/../lib/gcc/mingw32/5.3.0/../../../crt2.o
                0x0040e000                _argv
                0x0040e004                _argc
 .bss           0x0040e008       0x18 c:/mingw/bin/../lib/gcc/mingw32/5.3.0/crtbegin.o
 .bss           0x0040e020        0x0 main.o
 .bss           0x0040e020        0x0 memory.o
 .bss           0x0040e020        0x0 c:/mingw/bin/../lib/gcc/mingw32/5.3.0/../../../libmingw32.a(CRTglob.o)
 .bss           0x0040e020        0x0 c:/mingw/bin/../lib/gcc/mingw32/5.3.0/../../../libmingw32.a(setargv.o)
 .bss           0x0040e020        0x4 c:/mingw/bin/../lib/gcc/mingw32/5.3.0/../../../libmingw32.a(CRTfmode.o)
                0x0040e020                _CRT_fmode
 .bss           0x0040e024        0x4 c:/mingw/bin/../lib/gcc/mingw32/5.3.0/../../../libmingw32.a(cpu_features.o)
                0x0040e024                __cpu_features
 .bss           0x0040e028        0x0 c:/mingw/bin/../lib/gcc/mingw32/5.3.0/../../../libmingw32.a(CRT_fp10.o)
 .bss           0x0040e028        0x0 c:/mingw/bin/../lib/gcc/mingw32/5.3.0/../../../libmingw32.a(txtmode.o)
 .bss           0x0040e028        0x4 c:/mingw/bin/../lib/gcc/mingw32/5.3.0/../../../libmingw32.a(gccmain.o)
 .bss           0x0040e02c       0x10 c:/mingw/bin/../lib/gcc/mingw32/5.3.0/../../../libmingw32.a(tlssup.o)
                0x0040e02c                mingw_initltssuo_force
                0x0040e030                mingw_initltsdyn_force
                0x0040e034                mingw_initltsdrot_force
                0x0040e038                _tls_index
 .bss           0x0040e03c       0x20 c:/mingw/bin/../lib/gcc/mingw32/5.3.0/../../../libmingw32.a(tlsthrd.o)
 .bss           0x0040e05c        0x4 c:/mingw/bin/../lib/gcc/mingw32/5.3.0/../../../libmingw32.a(pseudo-reloc.o)
 .bss           0x0040e060        0x4 c:/mingw/bin/../lib/gcc/mingw32/5.3.0/../../../libmingw32.a(pseudo-reloc-list.o)
 .bss           0x0040e064        0x4 c:/mingw/bin/../lib/gcc/mingw32/5.3.0/../../../libmingw32.a(crtst.o)
                0x0040e064                _CRT_MT
 .bss           0x0040e068        0x0 c:/mingw/bin/../lib/gcc/mingw32/5.3.0/libgcc.a(_chkstk_ms.o)
 .bss           0x0040e068        0x0 c:/mingw/bin/../lib/gcc/mingw32/5.3.0/libgcc.a(_ctors.o)
 .bss           0x0040e068        0x0 c:/mingw/bin/../lib/gcc/mingw32/5.3.0/../../../libmingwex.a(vprintf.o)
 .bss           0x0040e068        0x0 c:/mingw/bin/../lib/gcc/mingw32/5.3.0/../../../libmingwex.a(glob.o)
 .bss           0x0040e068        0x4 c:/mingw/bin/../lib/gcc/mingw32/5.3.0/../../../libmingwex.a(dirname.o)
 .bss           0x0040e06c        0x0 c:/mingw/bin/../lib/gcc/mingw32/5.3.0/../../../libmingwex.a(dirent.o)
 .bss           0x0040e06c        0x0 c:/mingw/bin/../lib/gcc/mingw32/5.3.0/../../../libmingwex.a(pformat.o)
 .bss           0x0040e06c        0x0 c:/mingw/bin/../lib/gcc/mingw32/5.3.0/../../../libmingwex.a(snprintf.o)
 .bss           0x0040e06c        0x0 c:/mingw/bin/../lib/gcc/mingw32/5.3.0/../../../libmingwex.a(vsnprintf.o)
 .bss           0x0040e06c        0x4 c:/mingw/bin/../lib/gcc/mingw32/5.3.0/../../../libmingwex.a(varofmt.o)
                0x0040e06c                __mingw_output_format_flag
 .bss           0x0040e070        0xc c:/mingw/bin/../lib/gcc/mingw32/5.3.0/../../../libmingwex.a(mbrtowc.o)
 .bss           0x0040e07c        0x0 c:/mingw/bin/../lib/gcc/mingw32/5.3.0/../../../libmingwex.a(wcrtomb.o)
 .bss           0x0040e07c        0x0 c:/mingw/bin/../lib/gcc/mingw32/5.3.0/../../../libmingwex.a(gdtoa.o)
 .bss           0x0040e07c        0x0 c:/mingw/bin/../lib/gcc/mingw32/5.3.0/../../../libmingwex.a(gmisc.o)
 .bss           0x0040e07c        0x0 c:/mingw/bin/../lib/gcc/mingw32/5.3.0/../../../libmingwex.a(dmisc.o)
 *fill*         0x0040e07c        0x4 
 .bss           0x0040e080      0x9a0 c:/mingw/bin/../lib/gcc/mingw32/5.3.0/../../../libmingwex.a(misc.o)
 .bss           0x0040ea20        0x0 c:/mingw/bin/../lib/gcc/mingw32/5.3.0/../../../libmsvcrt.a(dfpcbs01325.o)
 .bss           0x0040ea20        0x0 c:/mingw/bin/../lib/gcc/mingw32/5.3.0/../../../libmsvcrt.a(dfpcbs01308.o)
 .bss           0x0040ea20        0x0 c:/mingw/bin/../lib/gcc/mingw32/5.3.0/../../../libmsvcrt.a(dfpcbs01284.o)
 .bss           0x0040ea20        0x0 c:/mingw/bin/../lib/gcc/mingw32/5.3.0/../../../libmsvcrt.a(dfpcbs01277.o)
 .bss           0x0040ea20        0x0 c:/mingw/bin/../lib/gcc/mingw32/5.3.0/../../../libmsvcrt.a(dfpcbs01249.o)
 .bss           0x0040ea20        0x0 c:/mingw/bin/../lib/gcc/mingw32/5.3.0/../../../libmsvcrt.a(dfpcbs01242.o)
 .bss           0x0040ea20        0x0 c:/mingw/bin/../lib/gcc/mingw32/5.3.0/../../../libmsvcrt.a(dfpcbs01240.o)
 .bss           0x0040ea20        0x0 c:/mingw/bin/../lib/gcc/mingw32/5.3.0/../../../libmsvcrt.a(dfpcbs01229.o)
 .bss           0x0040ea20        0x0 c:/mingw/bin/../lib/gcc/mingw32/5.3.0/../../../libmsvcrt.a(dfpcbs01227.o)
 .bss           0x0040ea20        0x0 c:/mingw/bin/../lib/gcc/mingw32/5.3.0/../../../libmsvcrt.a(dfpcbs01220.o)
 .bss           0x0040ea20        0x0 c:/mingw/bin/../lib/gcc/mingw32/5.3.0/../../../libmsvcrt.a(dfpcbs01199.o)
 .bss           0x0040ea20        0x0 c:/mingw/bin/../lib/gcc/mingw32/5.3.0/../../../libmsvcrt.a(dfpcbs01194.o)
 .bss           0x0040ea20        0x0 c:/mingw/bin/../lib/gcc/mingw32/5.3.0/../../../libmsvcrt.a(dfpcbs01187.o)
 .bss           0x0040ea20        0x0 c:/mingw/bin/../lib/gcc/mingw32/5.3.0/../../../libmsvcrt.a(dfpcbs01182.o)
 .bss           0x0040ea20        0x0 c:/mingw/bin/../lib/gcc/mingw32/5.3.0/../../../libmsvcrt.a(dfpcbs01147.o)
 .bss           0x0040ea20        0x0 c:/mingw/bin/../lib/gcc/mingw32/5.3.0/../../../libmsvcrt.a(dfpcbs01142.o)
 .bss           0x0040ea20        0x0 c:/mingw/bin/../lib/gcc/mingw32/5.3.0/../../../libmsvcrt.a(dfpcbs01131.o)
 .bss           0x0040ea20        0x0 c:/mingw/bin/../lib/gcc/mingw32/5.3.0/../../../libmsvcrt.a(dfpcbs01126.o)
 .bss           0x0040ea20        0x0 c:/mingw/bin/../lib/gcc/mingw32/5.3.0/../../../libmsvcrt.a(dfpcbs01098.o)
 .bss           0x0040ea20        0x0 c:/mingw/bin/../lib/gcc/mingw32/5.3.0/../../../libmsvcrt.a(dfpcbs01093.o)
 .bss           0x0040ea20        0x0 c:/mingw/bin/../lib/gcc/mingw32/5.3.0/../../../libmsvcrt.a(dfpcbs01091.o)
 .bss           0x0040ea20        0x0 c:/mingw/bin/../lib/gcc/mingw32/5.3.0/../../../libmsvcrt.a(dfpcbs01083.o)
 .bss           0x0040ea20        0x0 c:/mingw/bin/../lib/gcc/mingw32/5.3.0/../../../libmsvcrt.a(dfpcbs00753.o)
 .bss           0x0040ea20        0x0 c:/mingw/bin/../lib/gcc/mingw32/5.3.0/../../../libmsvcrt.a(dfpcbs00698.o)
 .bss           0x0040ea20        0x0 c:/mingw/bin/../lib/gcc/mingw32/5.3.0/../../../libmsvcrt.a(dfpcbs00689.o)
 .bss           0x0040ea20        0x0 c:/mingw/bin/../lib/gcc/mingw32/5.3.0/../../../libmsvcrt.a(dfpcbs00422.o)
 .bss           0x0040ea20        0x0 c:/mingw/bin/../lib/gcc/mingw32/5.3.0/../../../libmsvcrt.a(dfpcbs00417.o)
 .bss           0x0040ea20        0x0 c:/mingw/bin/../lib/gcc/mingw32/5.3.0/../../../libmsvcrt.a(dfpcbs00350.o)
 .bss           0x0040ea20        0x0 c:/mingw/bin/../lib/gcc/mingw32/5.3.0/../../../libmsvcrt.a(dfpcbs00285.o)
 .bss           0x0040ea20        0x0 c:/mingw/bin/../lib/gcc/mingw32/5.3.0/../../../libmsvcrt.a(dfpcbs00219.o)
 .bss           0x0040ea20        0x0 c:/mingw/bin/../lib/gcc/mingw32/5.3.0/../../../libmsvcrt.a(dfpcbs00153.o)
 .bss           0x0040ea20        0x0 c:/mingw/bin/../lib/gcc/mingw32/5.3.0/../../../libmsvcrt.a(dfpcbs00133.o)
 .bss           0x0040ea20        0x0 c:/mingw/bin/../lib/gcc/mingw32/5.3.0/../../../libmsvcrt.a(dfpcbs00131.o)
 .bss           0x0040ea20        0x0 c:/mingw/bin/../lib/gcc/mingw32/5.3.0/../../../libmsvcrt.a(dfpcbs00119.o)
 .bss           0x0040ea20        0x0 c:/mingw/bin/../lib/gcc/mingw32/5.3.0/../../../libmsvcrt.a(dfpcbs00088.o)
 .bss           0x0040ea20        0x0 c:/mingw/bin/../lib/gcc/mingw32/5.3.0/../../../libmsvcrt.a(dfpcbh.o)
 .bss           0x0040ea20        0x0 c:/mingw/bin/../lib/gcc/mingw32/5.3.0/../../../libmsvcrt.a(dfpcbt.o)
 .bss           0x0040ea20        0x0 c:/mingw/bin/../lib/gcc/mingw32/5.3.0/../../../libkernel32.a(dlsds01247.o)
 .bss           0x0040ea20        0x0 c:/mingw/bin/../lib/gcc/mingw32/5.3.0/../../../libkernel32.a(dlsds01215.o)
 .bss           0x0040ea20        0x0 c:/mingw/bin/../lib/gcc/mingw32/5.3.0/../../../libkernel32.a(dlsds01213.o)
 .bss           0x0040ea20        0x0 c:/mingw/bin/../lib/gcc/mingw32/5.3.0/../../../libkernel32.a(dlsds01173.o)
 .bss           0x0040ea20        0x0 c:/mingw/bin/../lib/gcc/mingw32/5.3.0/../../../libkernel32.a(dlsds01152.o)
 .bss           0x0040ea20        0x0 c:/mingw/bin/../lib/gcc/mingw32/5.3.0/../../../libkernel32.a(dlsds01140.o)
 .bss           0x0040ea20        0x0 c:/mingw/bin/../lib/gcc/mingw32/5.3.0/../../../libkernel32.a(dlsds00860.o)
 .bss           0x0040ea20        0x0 c:/mingw/bin/../lib/gcc/mingw32/5.3.0/../../../libkernel32.a(dlsds00817.o)
 .bss           0x0040ea20        0x0 c:/mingw/bin/../lib/gcc/mingw32/5.3.0/../../../libkernel32.a(dlsds00814.o)
 .bss           0x0040ea20        0x0 c:/mingw/bin/../lib/gcc/mingw32/5.3.0/../../../libkernel32.a(dlsds00763.o)
 .bss           0x0040ea20        0x0 c:/mingw/bin/../lib/gcc/mingw32/5.3.0/../../../libkernel32.a(dlsds00744.o)
 .bss           0x0040ea20        0x0 c:/mingw/bin/../lib/gcc/mingw32/5.3.0/../../../libkernel32.a(dlsds00734.o)
 .bss           0x0040ea20        0x0 c:/mingw/bin/../lib/gcc/mingw32/5.3.0/../../../libkernel32.a(dlsds00577.o)
 .bss           0x0040ea20        0x0 c:/mingw/bin/../lib/gcc/mingw32/5.3.0/../../../libkernel32.a(dlsds00529.o)
 .bss           0x0040ea20        0x0 c:/mingw/bin/../lib/gcc/mingw32/5.3.0/../../../libkernel32.a(dlsds00510.o)
 .bss           0x0040ea20        0x0 c:/mingw/bin/../lib/gcc/mingw32/5.3.0/../../../libkernel32.a(dlsds00388.o)
 .bss           0x0040ea20        0x0 c:/mingw/bin/../lib/gcc/mingw32/5.3.0/../../../libkernel32.a(dlsds00352.o)
 .bss           0x0040ea20        0x0 c:/mingw/bin/../lib/gcc/mingw32/5.3.0/../../../libkernel32.a(dlsds00321.o)
 .bss           0x0040ea20        0x0 c:/mingw/bin/../lib/gcc/mingw32/5.3.0/../../../libkernel32.a(dlsds00304.o)
 .bss           0x0040ea20        0x0 c:/mingw/bin/../lib/gcc/mingw32/5.3.0/../../../libkernel32.a(dlsds00300.o)
 .bss           0x0040ea20        0x0 c:/mingw/bin/../lib/gcc/mingw32/5.3.0/../../../libkernel32.a(dlsds00279.o)
 .bss           0x0040ea20        0x0 c:/mingw/bin/../lib/gcc/mingw32/5.3.0/../../../libkernel32.a(dlsds00236.o)
 .bss           0x0040ea20        0x0 c:/mingw/bin/../lib/gcc/mingw32/5.3.0/../../../libkernel32.a(dlsds00207.o)
 .bss           0x0040ea20        0x0 c:/mingw/bin/../lib/gcc/mingw32/5.3.0/../../../libkernel32.a(dlsdh.o)
 .bss           0x0040ea20        0x0 c:/mingw/bin/../lib/gcc/mingw32/5.3.0/../../../libkernel32.a(dlsdt.o)
 .bss           0x0040ea20        0x0 c:/mingw/bin/../lib/gcc/mingw32/5.3.0/libgcc.a(_udivdi3.o)
 .bss           0x0040ea20        0x0 c:/mingw/bin/../lib/gcc/mingw32/5.3.0/libgcc.a(_umoddi3.o)
 .bss           0x0040ea20        0x0 c:/mingw/bin/../lib/gcc/mingw32/5.3.0/../../../libmoldname.a(doois00082.o)
 .bss           0x0040ea20        0x0 c:/mingw/bin/../lib/gcc/mingw32/5.3.0/../../../libmoldname.a(doois00080.o)
 .bss           0x0040ea20        0x0 c:/mingw/bin/../lib/gcc/mingw32/5.3.0/../../../libmoldname.a(dooih.o)
 .bss           0x0040ea20        0x0 c:/mingw/bin/../lib/gcc/mingw32/5.3.0/../../../libmoldname.a(dooit.o)
 .bss           0x0040ea20        0x0 c:/mingw/bin/../lib/gcc/mingw32/5.3.0/crtend.o
 *(COMMON)
 COMMON         0x0040ea20        0x4 c:/mingw/bin/../lib/gcc/mingw32/5.3.0/crtbegin.o
                0x0040ea20                hmod_libgcc
 COMMON         0x0040ea24        0xa main.o
                0x0040ea24                buffer
 *fill*         0x0040ea2e        0x2 
 COMMON         0x0040ea30       0x10 c:/mingw/bin/../lib/gcc/mingw32/5.3.0/libgcc.a(_ctors.o)
                0x0040ea40                __bss_end__ = .

.edata
 *(.edata)

/DISCARD/
 *(.debug$S)
 *(.debug$T)
 *(.debug$F)
 *(.drectve)
 *(.note.GNU-stack)
 *(.gnu.lto_*)

.idata          0x0040f000      0x800
 SORT(*)(.idata$2)
 .idata$2       0x0040f000       0x14 c:/mingw/bin/../lib/gcc/mingw32/5.3.0/../../../libkernel32.a(dlsdh.o)
                0x0040f000                _head_libkernel32_a
 .idata$2       0x0040f014       0x14 c:/mingw/bin/../lib/gcc/mingw32/5.3.0/../../../libmoldname.a(dooih.o)
                0x0040f014                _head_libmoldname_a
 .idata$2       0x0040f028       0x14 c:/mingw/bin/../lib/gcc/mingw32/5.3.0/../../../libmsvcrt.a(dfpcbh.o)
                0x0040f028                _head_libmsvcrt_a
 SORT(*)(.idata$3)
                0x0040f03c        0x4 LONG 0x0
                0x0040f040        0x4 LONG 0x0
                0x0040f044        0x4 LONG 0x0
                0x0040f048        0x4 LONG 0x0
                0x0040f04c        0x4 LONG 0x0
 SORT(*)(.idata$4)
 .idata$4       0x0040f050        0x0 c:/mingw/bin/../lib/gcc/mingw32/5.3.0/../../../libkernel32.a(dlsdh.o)
 .idata$4       0x0040f050        0x4 c:/mingw/bin/../lib/gcc/mingw32/5.3.0/../../../libkernel32.a(dlsds00207.o)
 .idata$4       0x0040f054        0x4 c:/mingw/bin/../lib/gcc/mingw32/5.3.0/../../../libkernel32.a(dlsds00236.o)
 .idata$4       0x0040f058        0x4 c:/mingw/bin/../lib/gcc/mingw32/5.3.0/../../../libkernel32.a(dlsds00279.o)
 .idata$4       0x0040f05c        0x4 c:/mingw/bin/../lib/gcc/mingw32/5.3.0/../../../libkernel32.a(dlsds00300.o)
 .idata$4       0x0040f060        0x4 c:/mingw/bin/../lib/gcc/mingw32/5.3.0/../../../libkernel32.a(dlsds00304.o)
 .idata$4       0x0040f064        0x4 c:/mingw/bin/../lib/gcc/mingw32/5.3.0/../../../libkernel32.a(dlsds00321.o)
 .idata$4       0x0040f068        0x4 c:/mingw/bin/../lib/gcc/mingw32/5.3.0/../../../libkernel32.a(dlsds00352.o)
 .idata$4       0x0040f06c        0x4 c:/mingw/bin/../lib/gcc/mingw32/5.3.0/../../../libkernel32.a(dlsds00388.o)
 .idata$4       0x0040f070        0x4 c:/mingw/bin/../lib/gcc/mingw32/5.3.0/../../../libkernel32.a(dlsds00510.o)
 .idata$4       0x0040f074        0x4 c:/mingw/bin/../lib/gcc/mingw32/5.3.0/../../../libkernel32.a(dlsds00529.o)
 .idata$4       0x0040f078        0x4 c:/mingw/bin/../lib/gcc/mingw32/5.3.0/../../../libkernel32.a(dlsds00577.o)
 .idata$4       0x0040f07c        0x4 c:/mingw/bin/../lib/gcc/mingw32/5.3.0/../../../libkernel32.a(dlsds00734.o)
 .idata$4       0x0040f080        0x4 c:/mingw/bin/../lib/gcc/mingw32/5.3.0/../../../libkernel32.a(dlsds00744.o)
 .idata$4       0x0040f084        0x4 c:/mingw/bin/../lib/gcc/mingw32/5.3.0/../../../libkernel32.a(dlsds00763.o)
 .idata$4       0x0040f088        0x4 c:/mingw/bin/../lib/gcc/mingw32/5.3.0/../../../libkernel32.a(dlsds00814.o)
 .idata$4       0x0040f08c        0x4 c:/mingw/bin/../lib/gcc/mingw32/5.3.0/../../../libkernel32.a(dlsds00817.o)
 .idata$4       0x0040f090        0x4 c:/mingw/bin/../lib/gcc/mingw32/5.3.0/../../../libkernel32.a(dlsds00860.o)
 .idata$4       0x0040f094        0x4 c:/mingw/bin/../lib/gcc/mingw32/5.3.0/../../../libkernel32.a(dlsds01140.o)
 .idata$4       0x0040f098        0x4 c:/mingw/bin/../lib/gcc/mingw32/5.3.0/../../../libkernel32.a(dlsds01152.o)
 .idata$4       0x0040f09c        0x4 c:/mingw/bin/../lib/gcc/mingw32/5.3.0/../../../libkernel32.a(dlsds01173.o)
 .idata$4       0x0040f0a0        0x4 c:/mingw/bin/../lib/gcc/mingw32/5.3.0/../../../libkernel32.a(dlsds01213.o)
 .idata$4       0x0040f0a4        0x4 c:/mingw/bin/../lib/gcc/mingw32/5.3.0/../../../libkernel32.a(dlsds01215.o)
 .idata$4       0x0040f0a8        0x4 c:/mingw/bin/../lib/gcc/mingw32/5.3.0/../../../libkernel32.a(dlsds01247.o)
 .idata$4       0x0040f0ac        0x4 c:/mingw/bin/../lib/gcc/mingw32/5.3.0/../../../libkernel32.a(dlsdt.o)
 .idata$4       0x0040f0b0        0x0 c:/mingw/bin/../lib/gcc/mingw32/5.3.0/../../../libmoldname.a(dooih.o)
 .idata$4       0x0040f0b0        0x4 c:/mingw/bin/../lib/gcc/mingw32/5.3.0/../../../libmoldname.a(doois00080.o)
 .idata$4       0x0040f0b4        0x4 c:/mingw/bin/../lib/gcc/mingw32/5.3.0/../../../libmoldname.a(doois00082.o)
 .idata$4       0x0040f0b8        0x4 c:/mingw/bin/../lib/gcc/mingw32/5.3.0/../../../libmoldname.a(dooit.o)
 .idata$4       0x0040f0bc        0x0 c:/mingw/bin/../lib/gcc/mingw32/5.3.0/../../../libmsvcrt.a(dfpcbh.o)
 .idata$4       0x0040f0bc        0x4 c:/mingw/bin/../lib/gcc/mingw32/5.3.0/../../../libmsvcrt.a(dfpcbs00088.o)
 .idata$4       0x0040f0c0        0x4 c:/mingw/bin/../lib/gcc/mingw32/5.3.0/../../../libmsvcrt.a(dfpcbs00119.o)
 .idata$4       0x0040f0c4        0x4 c:/mingw/bin/../lib/gcc/mingw32/5.3.0/../../../libmsvcrt.a(dfpcbs00131.o)
 .idata$4       0x0040f0c8        0x4 c:/mingw/bin/../lib/gcc/mingw32/5.3.0/../../../libmsvcrt.a(dfpcbs00133.o)
 .idata$4       0x0040f0cc        0x4 c:/mingw/bin/../lib/gcc/mingw32/5.3.0/../../../libmsvcrt.a(dfpcbs00153.o)
 .idata$4       0x0040f0d0        0x4 c:/mingw/bin/../lib/gcc/mingw32/5.3.0/../../../libmsvcrt.a(dfpcbs00219.o)
 .idata$4       0x0040f0d4        0x4 c:/mingw/bin/../lib/gcc/mingw32/5.3.0/../../../libmsvcrt.a(dfpcbs00285.o)
 .idata$4       0x0040f0d8        0x4 c:/mingw/bin/../lib/gcc/mingw32/5.3.0/../../../libmsvcrt.a(dfpcbs00350.o)
 .idata$4       0x0040f0dc        0x4 c:/mingw/bin/../lib/gcc/mingw32/5.3.0/../../../libmsvcrt.a(dfpcbs00417.o)
 .idata$4       0x0040f0e0        0x4 c:/mingw/bin/../lib/gcc/mingw32/5.3.0/../../../libmsvcrt.a(dfpcbs00422.o)
 .idata$4       0x0040f0e4        0x4 c:/mingw/bin/../lib/gcc/mingw32/5.3.0/../../../libmsvcrt.a(dfpcbs00689.o)
 .idata$4       0x0040f0e8        0x4 c:/mingw/bin/../lib/gcc/mingw32/5.3.0/../../../libmsvcrt.a(dfpcbs00698.o)
 .idata$4       0x0040f0ec        0x4 c:/mingw/bin/../lib/gcc/mingw32/5.3.0/../../../libmsvcrt.a(dfpcbs00753.o)
 .idata$4       0x0040f0f0        0x4 c:/mingw/bin/../lib/gcc/mingw32/5.3.0/../../../libmsvcrt.a(dfpcbs01083.o)
 .idata$4       0x0040f0f4        0x4 c:/mingw/bin/../lib/gcc/mingw32/5.3.0/../../../libmsvcrt.a(dfpcbs01091.o)
 .idata$4       0x0040f0f8        0x4 c:/mingw/bin/../lib/gcc/mingw32/5.3.0/../../../libmsvcrt.a(dfpcbs01093.o)
 .idata$4       0x0040f0fc        0x4 c:/mingw/bin/../lib/gcc/mingw32/5.3.0/../../../libmsvcrt.a(dfpcbs01098.o)
 .idata$4       0x0040f100        0x4 c:/mingw/bin/../lib/gcc/mingw32/5.3.0/../../../libmsvcrt.a(dfpcbs01126.o)
 .idata$4       0x0040f104        0x4 c:/mingw/bin/../lib/gcc/mingw32/5.3.0/../../../libmsvcrt.a(dfpcbs01131.o)
 .idata$4       0x0040f108        0x4 c:/mingw/bin/../lib/gcc/mingw32/5.3.0/../../../libmsvcrt.a(dfpcbs01142.o)
 .idata$4       0x0040f10c        0x4 c:/mingw/bin/../lib/gcc/mingw32/5.3.0/../../../libmsvcrt.a(dfpcbs01147.o)
 .idata$4       0x0040f110        0x4 c:/mingw/bin/../lib/gcc/mingw32/5.3.0/../../../libmsvcrt.a(dfpcbs01182.o)
 .idata$4       0x0040f114        0x4 c:/mingw/bin/../lib/gcc/mingw32/5.3.0/../../../libmsvcrt.a(dfpcbs01187.o)
 .idata$4       0x0040f118        0x4 c:/mingw/bin/../lib/gcc/mingw32/5.3.0/../../../libmsvcrt.a(dfpcbs01194.o)
 .idata$4       0x0040f11c        0x4 c:/mingw/bin/../lib/gcc/mingw32/5.3.0/../../../libmsvcrt.a(dfpcbs01199.o)
 .idata$4       0x0040f120        0x4 c:/mingw/bin/../lib/gcc/mingw32/5.3.0/../../../libmsvcrt.a(dfpcbs01220.o)
 .idata$4       0x0040f124        0x4 c:/mingw/bin/../lib/gcc/mingw32/5.3.0/../../../libmsvcrt.a(dfpcbs01227.o)
 .idata$4       0x0040f128        0x4 c:/mingw/bin/../lib/gcc/mingw32/5.3.0/../../../libmsvcrt.a(dfpcbs01229.o)
 .idata$4       0x0040f12c        0x4 c:/mingw/bin/../lib/gcc/mingw32/5.3.0/../../../libmsvcrt.a(dfpcbs01240.o)
 .idata$4       0x0040f130        0x4 c:/mingw/bin/../lib/gcc/mingw32/5.3.0/../../../libmsvcrt.a(dfpcbs01242.o)
 .idata$4       0x0040f134        0x4 c:/mingw/bin/../lib/gcc/mingw32/5.3.0/../../../libmsvcrt.a(dfpcbs01249.o)
 .idata$4       0x0040f138        0x4 c:/mingw/bin/../lib/gcc/mingw32/5.3.0/../../../libmsvcrt.a(dfpcbs01277.o)
 .idata$4       0x0040f13c        0x4 c:/mingw/bin/../lib/gcc/mingw32/5.3.0/../../../libmsvcrt.a(dfpcbs01284.o)
 .idata$4       0x0040f140        0x4 c:/mingw/bin/../lib/gcc/mingw32/5.3.0/../../../libmsvcrt.a(dfpcbs01308.o)
 .idata$4       0x0040f144        0x4 c:/mingw/bin/../lib/gcc/mingw32/5.3.0/../../../libmsvcrt.a(dfpcbs01325.o)
 .idata$4       0x0040f148        0x4 c:/mingw/bin/../lib/gcc/mingw32/5.3.0/../../../libmsvcrt.a(dfpcbt.o)
                0x0040f14c                __IAT_start__ = .
 SORT(*)(.idata$5)
 .idata$5       0x0040f14c        0x0 c:/mingw/bin/../lib/gcc/mingw32/5.3.0/../../../libkernel32.a(dlsdh.o)
 .idata$5       0x0040f14c        0x4 c:/mingw/bin/../lib/gcc/mingw32/5.3.0/../../../libkernel32.a(dlsds00207.o)
                0x0040f14c                _imp__DeleteCriticalSection@4
 .idata$5       0x0040f150        0x4 c:/mingw/bin/../lib/gcc/mingw32/5.3.0/../../../libkernel32.a(dlsds00236.o)
                0x0040f150                _imp__EnterCriticalSection@4
 .idata$5       0x0040f154        0x4 c:/mingw/bin/../lib/gcc/mingw32/5.3.0/../../../libkernel32.a(dlsds00279.o)
                0x0040f154                _imp__ExitProcess@4
 .idata$5       0x0040f158        0x4 c:/mingw/bin/../lib/gcc/mingw32/5.3.0/../../../libkernel32.a(dlsds00300.o)
                0x0040f158                _imp__FindClose@4
 .idata$5       0x0040f15c        0x4 c:/mingw/bin/../lib/gcc/mingw32/5.3.0/../../../libkernel32.a(dlsds00304.o)
                0x0040f15c                _imp__FindFirstFileA@8
 .idata$5       0x0040f160        0x4 c:/mingw/bin/../lib/gcc/mingw32/5.3.0/../../../libkernel32.a(dlsds00321.o)
                0x0040f160                _imp__FindNextFileA@8
 .idata$5       0x0040f164        0x4 c:/mingw/bin/../lib/gcc/mingw32/5.3.0/../../../libkernel32.a(dlsds00352.o)
                0x0040f164                _imp__FreeLibrary@4
 .idata$5       0x0040f168        0x4 c:/mingw/bin/../lib/gcc/mingw32/5.3.0/../../../libkernel32.a(dlsds00388.o)
                0x0040f168                _imp__GetCommandLineA@0
 .idata$5       0x0040f16c        0x4 c:/mingw/bin/../lib/gcc/mingw32/5.3.0/../../../libkernel32.a(dlsds00510.o)
                0x0040f16c                _imp__GetLastError@0
 .idata$5       0x0040f170        0x4 c:/mingw/bin/../lib/gcc/mingw32/5.3.0/../../../libkernel32.a(dlsds00529.o)
                0x0040f170                _imp__GetModuleHandleA@4
 .idata$5       0x0040f174        0x4 c:/mingw/bin/../lib/gcc/mingw32/5.3.0/../../../libkernel32.a(dlsds00577.o)
                0x0040f174                _imp__GetProcAddress@8
 .idata$5       0x0040f178        0x4 c:/mingw/bin/../lib/gcc/mingw32/5.3.0/../../../libkernel32.a(dlsds00734.o)
                0x0040f178                _imp__InitializeCriticalSection@4
 .idata$5       0x0040f17c        0x4 c:/mingw/bin/../lib/gcc/mingw32/5.3.0/../../../libkernel32.a(dlsds00744.o)
                0x0040f17c                _imp__InterlockedExchange@8
 .idata$5       0x0040f180        0x4 c:/mingw/bin/../lib/gcc/mingw32/5.3.0/../../../libkernel32.a(dlsds00763.o)
                0x0040f180                _imp__IsDBCSLeadByteEx@8
 .idata$5       0x0040f184        0x4 c:/mingw/bin/../lib/gcc/mingw32/5.3.0/../../../libkernel32.a(dlsds00814.o)
                0x0040f184                _imp__LeaveCriticalSection@4
 .idata$5       0x0040f188        0x4 c:/mingw/bin/../lib/gcc/mingw32/5.3.0/../../../libkernel32.a(dlsds00817.o)
                0x0040f188                _imp__LoadLibraryA@4
 .idata$5       0x0040f18c        0x4 c:/mingw/bin/../lib/gcc/mingw32/5.3.0/../../../libkernel32.a(dlsds00860.o)
                0x0040f18c                _imp__MultiByteToWideChar@24
 .idata$5       0x0040f190        0x4 c:/mingw/bin/../lib/gcc/mingw32/5.3.0/../../../libkernel32.a(dlsds01140.o)
                0x0040f190                _imp__SetUnhandledExceptionFilter@4
 .idata$5       0x0040f194        0x4 c:/mingw/bin/../lib/gcc/mingw32/5.3.0/../../../libkernel32.a(dlsds01152.o)
                0x0040f194                _imp__Sleep@4
 .idata$5       0x0040f198        0x4 c:/mingw/bin/../lib/gcc/mingw32/5.3.0/../../../libkernel32.a(dlsds01173.o)
                0x0040f198                _imp__TlsGetValue@4
 .idata$5       0x0040f19c        0x4 c:/mingw/bin/../lib/gcc/mingw32/5.3.0/../../../libkernel32.a(dlsds01213.o)
                0x0040f19c                _imp__VirtualProtect@16
 .idata$5       0x0040f1a0        0x4 c:/mingw/bin/../lib/gcc/mingw32/5.3.0/../../../libkernel32.a(dlsds01215.o)
                0x0040f1a0                _imp__VirtualQuery@12
 .idata$5       0x0040f1a4        0x4 c:/mingw/bin/../lib/gcc/mingw32/5.3.0/../../../libkernel32.a(dlsds01247.o)
                0x0040f1a4                _imp__WideCharToMultiByte@32
 .idata$5       0x0040f1a8        0x4 c:/mingw/bin/../lib/gcc/mingw32/5.3.0/../../../libkernel32.a(dlsdt.o)
 .idata$5       0x0040f1ac        0x0 c:/mingw/bin/../lib/gcc/mingw32/5.3.0/../../../libmoldname.a(dooih.o)
 .idata$5       0x0040f1ac        0x4 c:/mingw/bin/../lib/gcc/mingw32/5.3.0/../../../libmoldname.a(doois00080.o)
                0x0040f1ac                _imp__strdup
 .idata$5       0x0040f1b0        0x4 c:/mingw/bin/../lib/gcc/mingw32/5.3.0/../../../libmoldname.a(doois00082.o)
                0x0040f1b0                _imp__stricoll
 .idata$5       0x0040f1b4        0x4 c:/mingw/bin/../lib/gcc/mingw32/5.3.0/../../../libmoldname.a(dooit.o)
 .idata$5       0x0040f1b8        0x0 c:/mingw/bin/../lib/gcc/mingw32/5.3.0/../../../libmsvcrt.a(dfpcbh.o)
 .idata$5       0x0040f1b8        0x4 c:/mingw/bin/../lib/gcc/mingw32/5.3.0/../../../libmsvcrt.a(dfpcbs00088.o)
                0x0040f1b8                _imp____getmainargs
 .idata$5       0x0040f1bc        0x4 c:/mingw/bin/../lib/gcc/mingw32/5.3.0/../../../libmsvcrt.a(dfpcbs00119.o)
                0x0040f1bc                _imp____mb_cur_max
 .idata$5       0x0040f1c0        0x4 c:/mingw/bin/../lib/gcc/mingw32/5.3.0/../../../libmsvcrt.a(dfpcbs00131.o)
                0x0040f1c0                _imp____p__environ
 .idata$5       0x0040f1c4        0x4 c:/mingw/bin/../lib/gcc/mingw32/5.3.0/../../../libmsvcrt.a(dfpcbs00133.o)
                0x0040f1c4                _imp____p__fmode
 .idata$5       0x0040f1c8        0x4 c:/mingw/bin/../lib/gcc/mingw32/5.3.0/../../../libmsvcrt.a(dfpcbs00153.o)
                0x0040f1c8                _imp____set_app_type
 .idata$5       0x0040f1cc        0x4 c:/mingw/bin/../lib/gcc/mingw32/5.3.0/../../../libmsvcrt.a(dfpcbs00219.o)
                0x0040f1cc                _imp___cexit
 .idata$5       0x0040f1d0        0x4 c:/mingw/bin/../lib/gcc/mingw32/5.3.0/../../../libmsvcrt.a(dfpcbs00285.o)
                0x0040f1d0                _imp___errno
 .idata$5       0x0040f1d4        0x4 c:/mingw/bin/../lib/gcc/mingw32/5.3.0/../../../libmsvcrt.a(dfpcbs00350.o)
                0x0040f1d4                _imp___fullpath
 .idata$5       0x0040f1d8        0x4 c:/mingw/bin/../lib/gcc/mingw32/5.3.0/../../../libmsvcrt.a(dfpcbs00417.o)
                0x0040f1d8                _imp___iob
 .idata$5       0x0040f1dc        0x4 c:/mingw/bin/../lib/gcc/mingw32/5.3.0/../../../libmsvcrt.a(dfpcbs00422.o)
                0x0040f1dc                _imp___isctype
 .idata$5       0x0040f1e0        0x4 c:/mingw/bin/../lib/gcc/mingw32/5.3.0/../../../libmsvcrt.a(dfpcbs00689.o)
                0x0040f1e0                _imp___onexit
 .idata$5       0x0040f1e4        0x4 c:/mingw/bin/../lib/gcc/mingw32/5.3.0/../../../libmsvcrt.a(dfpcbs00698.o)
                0x0040f1e4                _imp___pctype
 .idata$5       0x0040f1e8        0x4 c:/mingw/bin/../lib/gcc/mingw32/5.3.0/../../../libmsvcrt.a(dfpcbs00753.o)
                0x0040f1e8                _imp___setmode
 .idata$5       0x0040f1ec        0x4 c:/mingw/bin/../lib/gcc/mingw32/5.3.0/../../../libmsvcrt.a(dfpcbs01083.o)
                0x0040f1ec                _imp__abort
 .idata$5       0x0040f1f0        0x4 c:/mingw/bin/../lib/gcc/mingw32/5.3.0/../../../libmsvcrt.a(dfpcbs01091.o)
                0x0040f1f0                _imp__atexit
 .idata$5       0x0040f1f4        0x4 c:/mingw/bin/../lib/gcc/mingw32/5.3.0/../../../libmsvcrt.a(dfpcbs01093.o)
                0x0040f1f4                _imp__atoi
 .idata$5       0x0040f1f8        0x4 c:/mingw/bin/../lib/gcc/mingw32/5.3.0/../../../libmsvcrt.a(dfpcbs01098.o)
                0x0040f1f8                _imp__calloc
 .idata$5       0x0040f1fc        0x4 c:/mingw/bin/../lib/gcc/mingw32/5.3.0/../../../libmsvcrt.a(dfpcbs01126.o)
                0x0040f1fc                _imp__fputc
 .idata$5       0x0040f200        0x4 c:/mingw/bin/../lib/gcc/mingw32/5.3.0/../../../libmsvcrt.a(dfpcbs01131.o)
                0x0040f200                _imp__free
 .idata$5       0x0040f204        0x4 c:/mingw/bin/../lib/gcc/mingw32/5.3.0/../../../libmsvcrt.a(dfpcbs01142.o)
                0x0040f204                _imp__fwrite
 .idata$5       0x0040f208        0x4 c:/mingw/bin/../lib/gcc/mingw32/5.3.0/../../../libmsvcrt.a(dfpcbs01147.o)
                0x0040f208                _imp__getenv
 .idata$5       0x0040f20c        0x4 c:/mingw/bin/../lib/gcc/mingw32/5.3.0/../../../libmsvcrt.a(dfpcbs01182.o)
                0x0040f20c                _imp__localeconv
 .idata$5       0x0040f210        0x4 c:/mingw/bin/../lib/gcc/mingw32/5.3.0/../../../libmsvcrt.a(dfpcbs01187.o)
                0x0040f210                _imp__malloc
 .idata$5       0x0040f214        0x4 c:/mingw/bin/../lib/gcc/mingw32/5.3.0/../../../libmsvcrt.a(dfpcbs01194.o)
                0x0040f214                _imp__mbstowcs
 .idata$5       0x0040f218        0x4 c:/mingw/bin/../lib/gcc/mingw32/5.3.0/../../../libmsvcrt.a(dfpcbs01199.o)
                0x0040f218                _imp__memcpy
 .idata$5       0x0040f21c        0x4 c:/mingw/bin/../lib/gcc/mingw32/5.3.0/../../../libmsvcrt.a(dfpcbs01220.o)
                0x0040f21c                _imp__realloc
 .idata$5       0x0040f220        0x4 c:/mingw/bin/../lib/gcc/mingw32/5.3.0/../../../libmsvcrt.a(dfpcbs01227.o)
                0x0040f220                _imp__setlocale
 .idata$5       0x0040f224        0x4 c:/mingw/bin/../lib/gcc/mingw32/5.3.0/../../../libmsvcrt.a(dfpcbs01229.o)
                0x0040f224                _imp__signal
 .idata$5       0x0040f228        0x4 c:/mingw/bin/../lib/gcc/mingw32/5.3.0/../../../libmsvcrt.a(dfpcbs01240.o)
                0x0040f228                _imp__strchr
 .idata$5       0x0040f22c        0x4 c:/mingw/bin/../lib/gcc/mingw32/5.3.0/../../../libmsvcrt.a(dfpcbs01242.o)
                0x0040f22c                _imp__strcoll
 .idata$5       0x0040f230        0x4 c:/mingw/bin/../lib/gcc/mingw32/5.3.0/../../../libmsvcrt.a(dfpcbs01249.o)
                0x0040f230                _imp__strlen
 .idata$5       0x0040f234        0x4 c:/mingw/bin/../lib/gcc/mingw32/5.3.0/../../../libmsvcrt.a(dfpcbs01277.o)
                0x0040f234                _imp__tolower
 .idata$5       0x0040f238        0x4 c:/mingw/bin/../lib/gcc/mingw32/5.3.0/../../../libmsvcrt.a(dfpcbs01284.o)
                0x0040f238                _imp__vfprintf
 .idata$5       0x0040f23c        0x4 c:/mingw/bin/../lib/gcc/mingw32/5.3.0/../../../libmsvcrt.a(dfpcbs01308.o)
                0x0040f23c                _imp__wcslen
 .idata$5       0x0040f240        0x4 c:/mingw/bin/../lib/gcc/mingw32/5.3.0/../../../libmsvcrt.a(dfpcbs01325.o)
                0x0040f240                _imp__wcstombs
 .idata$5       0x0040f244        0x4 c:/mingw/bin/../lib/gcc/mingw32/5.3.0/../../../libmsvcrt.a(dfpcbt.o)
                0x0040f248                __IAT_end__ = .
 SORT(*)(.idata$6)
 .idata$6       0x0040f248       0x18 c:/mingw/bin/../lib/gcc/mingw32/5.3.0/../../../libkernel32.a(dlsds00207.o)
 .idata$6       0x0040f260       0x18 c:/mingw/bin/../lib/gcc/mingw32/5.3.0/../../../libkernel32.a(dlsds00236.o)
 .idata$6       0x0040f278        0xe c:/mingw/bin/../lib/gcc/mingw32/5.3.0/../../../libkernel32.a(dlsds00279.o)
 .idata$6       0x0040f286        0xc c:/mingw/bin/../lib/gcc/mingw32/5.3.0/../../../libkernel32.a(dlsds00300.o)
 .idata$6       0x0040f292       0x12 c:/mingw/bin/../lib/gcc/mingw32/5.3.0/../../../libkernel32.a(dlsds00304.o)
 .idata$6       0x0040f2a4       0x10 c:/mingw/bin/../lib/gcc/mingw32/5.3.0/../../../libkernel32.a(dlsds00321.o)
 .idata$6       0x0040f2b4        0xe c:/mingw/bin/../lib/gcc/mingw32/5.3.0/../../../libkernel32.a(dlsds00352.o)
 .idata$6       0x0040f2c2       0x12 c:/mingw/bin/../lib/gcc/mingw32/5.3.0/../../../libkernel32.a(dlsds00388.o)
 .idata$6       0x0040f2d4       0x10 c:/mingw/bin/../lib/gcc/mingw32/5.3.0/../../../libkernel32.a(dlsds00510.o)
 .idata$6       0x0040f2e4       0x14 c:/mingw/bin/../lib/gcc/mingw32/5.3.0/../../../libkernel32.a(dlsds00529.o)
 .idata$6       0x0040f2f8       0x12 c:/mingw/bin/../lib/gcc/mingw32/5.3.0/../../../libkernel32.a(dlsds00577.o)
 .idata$6       0x0040f30a       0x1c c:/mingw/bin/../lib/gcc/mingw32/5.3.0/../../../libkernel32.a(dlsds00734.o)
 .idata$6       0x0040f326       0x16 c:/mingw/bin/../lib/gcc/mingw32/5.3.0/../../../libkernel32.a(dlsds00744.o)
 .idata$6       0x0040f33c       0x14 c:/mingw/bin/../lib/gcc/mingw32/5.3.0/../../../libkernel32.a(dlsds00763.o)
 .idata$6       0x0040f350       0x18 c:/mingw/bin/../lib/gcc/mingw32/5.3.0/../../../libkernel32.a(dlsds00814.o)
 .idata$6       0x0040f368       0x10 c:/mingw/bin/../lib/gcc/mingw32/5.3.0/../../../libkernel32.a(dlsds00817.o)
 .idata$6       0x0040f378       0x16 c:/mingw/bin/../lib/gcc/mingw32/5.3.0/../../../libkernel32.a(dlsds00860.o)
 .idata$6       0x0040f38e       0x1e c:/mingw/bin/../lib/gcc/mingw32/5.3.0/../../../libkernel32.a(dlsds01140.o)
 .idata$6       0x0040f3ac        0x8 c:/mingw/bin/../lib/gcc/mingw32/5.3.0/../../../libkernel32.a(dlsds01152.o)
 .idata$6       0x0040f3b4        0xe c:/mingw/bin/../lib/gcc/mingw32/5.3.0/../../../libkernel32.a(dlsds01173.o)
 .idata$6       0x0040f3c2       0x12 c:/mingw/bin/../lib/gcc/mingw32/5.3.0/../../../libkernel32.a(dlsds01213.o)
 .idata$6       0x0040f3d4       0x10 c:/mingw/bin/../lib/gcc/mingw32/5.3.0/../../../libkernel32.a(dlsds01215.o)
 .idata$6       0x0040f3e4       0x16 c:/mingw/bin/../lib/gcc/mingw32/5.3.0/../../../libkernel32.a(dlsds01247.o)
 .idata$6       0x0040f3fa        0xa c:/mingw/bin/../lib/gcc/mingw32/5.3.0/../../../libmoldname.a(doois00080.o)
 .idata$6       0x0040f404        0xc c:/mingw/bin/../lib/gcc/mingw32/5.3.0/../../../libmoldname.a(doois00082.o)
 .idata$6       0x0040f410       0x10 c:/mingw/bin/../lib/gcc/mingw32/5.3.0/../../../libmsvcrt.a(dfpcbs00088.o)
 .idata$6       0x0040f420       0x10 c:/mingw/bin/../lib/gcc/mingw32/5.3.0/../../../libmsvcrt.a(dfpcbs00119.o)
 .idata$6       0x0040f430       0x10 c:/mingw/bin/../lib/gcc/mingw32/5.3.0/../../../libmsvcrt.a(dfpcbs00131.o)
 .idata$6       0x0040f440        0xe c:/mingw/bin/../lib/gcc/mingw32/5.3.0/../../../libmsvcrt.a(dfpcbs00133.o)
 .idata$6       0x0040f44e       0x12 c:/mingw/bin/../lib/gcc/mingw32/5.3.0/../../../libmsvcrt.a(dfpcbs00153.o)
 .idata$6       0x0040f460        0xa c:/mingw/bin/../lib/gcc/mingw32/5.3.0/../../../libmsvcrt.a(dfpcbs00219.o)
 .idata$6       0x0040f46a        0xa c:/mingw/bin/../lib/gcc/mingw32/5.3.0/../../../libmsvcrt.a(dfpcbs00285.o)
 .idata$6       0x0040f474        0xc c:/mingw/bin/../lib/gcc/mingw32/5.3.0/../../../libmsvcrt.a(dfpcbs00350.o)
 .idata$6       0x0040f480        0x8 c:/mingw/bin/../lib/gcc/mingw32/5.3.0/../../../libmsvcrt.a(dfpcbs00417.o)
 .idata$6       0x0040f488        0xc c:/mingw/bin/../lib/gcc/mingw32/5.3.0/../../../libmsvcrt.a(dfpcbs00422.o)
 .idata$6       0x0040f494        0xa c:/mingw/bin/../lib/gcc/mingw32/5.3.0/../../../libmsvcrt.a(dfpcbs00689.o)
 .idata$6       0x0040f49e        0xa c:/mingw/bin/../lib/gcc/mingw32/5.3.0/../../../libmsvcrt.a(dfpcbs00698.o)
 .idata$6       0x0040f4a8        0xc c:/mingw/bin/../lib/gcc/mingw32/5.3.0/../../../libmsvcrt.a(dfpcbs00753.o)
 .idata$6       0x0040f4b4        0x8 c:/mingw/bin/../lib/gcc/mingw32/5.3.0/../../../libmsvcrt.a(dfpcbs01083.o)
 .idata$6       0x0040f4bc        0xa c:/mingw/bin/../lib/gcc/mingw32/5.3.0/../../../libmsvcrt.a(dfpcbs01091.o)
 .idata$6       0x0040f4c6        0x8 c:/mingw/bin/../lib/gcc/mingw32/5.3.0/../../../libmsvcrt.a(dfpcbs01093.o)
 .idata$6       0x0040f4ce        0xa c:/mingw/bin/../lib/gcc/mingw32/5.3.0/../../../libmsvcrt.a(dfpcbs01098.o)
 .idata$6       0x0040f4d8        0x8 c:/mingw/bin/../lib/gcc/mingw32/5.3.0/../../../libmsvcrt.a(dfpcbs01126.o)
 .idata$6       0x0040f4e0        0x8 c:/mingw/bin/../lib/gcc/mingw32/5.3.0/../../../libmsvcrt.a(dfpcbs01131.o)
 .idata$6       0x0040f4e8        0xa c:/mingw/bin/../lib/gcc/mingw32/5.3.0/../../../libmsvcrt.a(dfpcbs01142.o)
 .idata$6       0x0040f4f2        0xa c:/mingw/bin/../lib/gcc/mingw32/5.3.0/../../../libmsvcrt.a(dfpcbs01147.o)
 .idata$6       0x0040f4fc        0xe c:/mingw/bin/../lib/gcc/mingw32/5.3.0/../../../libmsvcrt.a(dfpcbs01182.o)
 .idata$6       0x0040f50a        0xa c:/mingw/bin/../lib/gcc/mingw32/5.3.0/../../../libmsvcrt.a(dfpcbs01187.o)
 .idata$6       0x0040f514        0xc c:/mingw/bin/../lib/gcc/mingw32/5.3.0/../../../libmsvcrt.a(dfpcbs01194.o)
 .idata$6       0x0040f520        0xa c:/mingw/bin/../lib/gcc/mingw32/5.3.0/../../../libmsvcrt.a(dfpcbs01199.o)
 .idata$6       0x0040f52a        0xa c:/mingw/bin/../lib/gcc/mingw32/5.3.0/../../../libmsvcrt.a(dfpcbs01220.o)
 .idata$6       0x0040f534        0xc c:/mingw/bin/../lib/gcc/mingw32/5.3.0/../../../libmsvcrt.a(dfpcbs01227.o)
 .idata$6       0x0040f540        0xa c:/mingw/bin/../lib/gcc/mingw32/5.3.0/../../../libmsvcrt.a(dfpcbs01229.o)
 .idata$6       0x0040f54a        0xa c:/mingw/bin/../lib/gcc/mingw32/5.3.0/../../../libmsvcrt.a(dfpcbs01240.o)
 .idata$6       0x0040f554        0xa c:/mingw/bin/../lib/gcc/mingw32/5.3.0/../../../libmsvcrt.a(dfpcbs01242.o)
 .idata$6       0x0040f55e        0xa c:/mingw/bin/../lib/gcc/mingw32/5.3.0/../../../libmsvcrt.a(dfpcbs01249.o)
 .idata$6       0x0040f568        0xa c:/mingw/bin/../lib/gcc/mingw32/5.3.0/../../../libmsvcrt.a(dfpcbs01277.o)
 .idata$6       0x0040f572        0xc c:/mingw/bin/../lib/gcc/mingw32/5.3.0/../../../libmsvcrt.a(dfpcbs01284.o)
 .idata$6       0x0040f57e        0xa c:/mingw/bin/../lib/gcc/mingw32/5.3.0/../../../libmsvcrt.a(dfpcbs01308.o)
 .idata$6       0x0040f588        0xc c:/mingw/bin/../lib/gcc/mingw32/5.3.0/../../../libmsvcrt.a(dfpcbs01325.o)
 SORT(*)(.idata$7)
 .idata$7       0x0040f594        0x4 c:/mingw/bin/../lib/gcc/mingw32/5.3.0/../../../libkernel32.a(dlsds00207.o)
 .idata$7       0x0040f598        0x4 c:/mingw/bin/../lib/gcc/mingw32/5.3.0/../../../libkernel32.a(dlsds00236.o)
 .idata$7       0x0040f59c        0x4 c:/mingw/bin/../lib/gcc/mingw32/5.3.0/../../../libkernel32.a(dlsds00279.o)
 .idata$7       0x0040f5a0        0x4 c:/mingw/bin/../lib/gcc/mingw32/5.3.0/../../../libkernel32.a(dlsds00300.o)
 .idata$7       0x0040f5a4        0x4 c:/mingw/bin/../lib/gcc/mingw32/5.3.0/../../../libkernel32.a(dlsds00304.o)
 .idata$7       0x0040f5a8        0x4 c:/mingw/bin/../lib/gcc/mingw32/5.3.0/../../../libkernel32.a(dlsds00321.o)
 .idata$7       0x0040f5ac        0x4 c:/mingw/bin/../lib/gcc/mingw32/5.3.0/../../../libkernel32.a(dlsds00352.o)
 .idata$7       0x0040f5b0        0x4 c:/mingw/bin/../lib/gcc/mingw32/5.3.0/../../../libkernel32.a(dlsds00388.o)
 .idata$7       0x0040f5b4        0x4 c:/mingw/bin/../lib/gcc/mingw32/5.3.0/../../../libkernel32.a(dlsds00510.o)
 .idata$7       0x0040f5b8        0x4 c:/mingw/bin/../lib/gcc/mingw32/5.3.0/../../../libkernel32.a(dlsds00529.o)
 .idata$7       0x0040f5bc        0x4 c:/mingw/bin/../lib/gcc/mingw32/5.3.0/../../../libkernel32.a(dlsds00577.o)
 .idata$7       0x0040f5c0        0x4 c:/mingw/bin/../lib/gcc/mingw32/5.3.0/../../../libkernel32.a(dlsds00734.o)
 .idata$7       0x0040f5c4        0x4 c:/mingw/bin/../lib/gcc/mingw32/5.3.0/../../../libkernel32.a(dlsds00744.o)
 .idata$7       0x0040f5c8        0x4 c:/mingw/bin/../lib/gcc/mingw32/5.3.0/../../../libkernel32.a(dlsds00763.o)
 .idata$7       0x0040f5cc        0x4 c:/mingw/bin/../lib/gcc/mingw32/5.3.0/../../../libkernel32.a(dlsds00814.o)
 .idata$7       0x0040f5d0        0x4 c:/mingw/bin/../lib/gcc/mingw32/5.3.0/../../../libkernel32.a(dlsds00817.o)
 .idata$7       0x0040f5d4        0x4 c:/mingw/bin/../lib/gcc/mingw32/5.3.0/../../../libkernel32.a(dlsds00860.o)
 .idata$7       0x0040f5d8        0x4 c:/mingw/bin/../lib/gcc/mingw32/5.3.0/../../../libkernel32.a(dlsds01140.o)
 .idata$7       0x0040f5dc        0x4 c:/mingw/bin/../lib/gcc/mingw32/5.3.0/../../../libkernel32.a(dlsds01152.o)
 .idata$7       0x0040f5e0        0x4 c:/mingw/bin/../lib/gcc/mingw32/5.3.0/../../../libkernel32.a(dlsds01173.o)
 .idata$7       0x0040f5e4        0x4 c:/mingw/bin/../lib/gcc/mingw32/5.3.0/../../../libkernel32.a(dlsds01213.o)
 .idata$7       0x0040f5e8        0x4 c:/mingw/bin/../lib/gcc/mingw32/5.3.0/../../../libkernel32.a(dlsds01215.o)
 .idata$7       0x0040f5ec        0x4 c:/mingw/bin/../lib/gcc/mingw32/5.3.0/../../../libkernel32.a(dlsds01247.o)
 .idata$7       0x0040f5f0       0x10 c:/mingw/bin/../lib/gcc/mingw32/5.3.0/../../../libkernel32.a(dlsdt.o)
                0x0040f5f0                _libkernel32_a_iname
 .idata$7       0x0040f600        0x4 c:/mingw/bin/../lib/gcc/mingw32/5.3.0/../../../libmoldname.a(doois00080.o)
 .idata$7       0x0040f604        0x4 c:/mingw/bin/../lib/gcc/mingw32/5.3.0/../../../libmoldname.a(doois00082.o)
 .idata$7       0x0040f608        0xc c:/mingw/bin/../lib/gcc/mingw32/5.3.0/../../../libmoldname.a(dooit.o)
                0x0040f608                _libmoldname_a_iname
 .idata$7       0x0040f614        0x4 c:/mingw/bin/../lib/gcc/mingw32/5.3.0/../../../libmsvcrt.a(dfpcbs00088.o)
 .idata$7       0x0040f618        0x4 c:/mingw/bin/../lib/gcc/mingw32/5.3.0/../../../libmsvcrt.a(dfpcbs00119.o)
 .idata$7       0x0040f61c        0x4 c:/mingw/bin/../lib/gcc/mingw32/5.3.0/../../../libmsvcrt.a(dfpcbs00131.o)
 .idata$7       0x0040f620        0x4 c:/mingw/bin/../lib/gcc/mingw32/5.3.0/../../../libmsvcrt.a(dfpcbs00133.o)
 .idata$7       0x0040f624        0x4 c:/mingw/bin/../lib/gcc/mingw32/5.3.0/../../../libmsvcrt.a(dfpcbs00153.o)
 .idata$7       0x0040f628        0x4 c:/mingw/bin/../lib/gcc/mingw32/5.3.0/../../../libmsvcrt.a(dfpcbs00219.o)
 .idata$7       0x0040f62c        0x4 c:/mingw/bin/../lib/gcc/mingw32/5.3.0/../../../libmsvcrt.a(dfpcbs00285.o)
 .idata$7       0x0040f630        0x4 c:/mingw/bin/../lib/gcc/mingw32/5.3.0/../../../libmsvcrt.a(dfpcbs00350.o)
 .idata$7       0x0040f634        0x4 c:/mingw/bin/../lib/gcc/mingw32/5.3.0/../../../libmsvcrt.a(dfpcbs00417.o)
 .idata$7       0x0040f638        0x4 c:/mingw/bin/../lib/gcc/mingw32/5.3.0/../../../libmsvcrt.a(dfpcbs00422.o)
 .idata$7       0x0040f63c        0x4 c:/mingw/bin/../lib/gcc/mingw32/5.3.0/../../../libmsvcrt.a(dfpcbs00689.o)
 .idata$7       0x0040f640        0x4 c:/mingw/bin/../lib/gcc/mingw32/5.3.0/../../../libmsvcrt.a(dfpcbs00698.o)
 .idata$7       0x0040f644        0x4 c:/mingw/bin/../lib/gcc/mingw32/5.3.0/../../../libmsvcrt.a(dfpcbs00753.o)
 .idata$7       0x0040f648        0x4 c:/mingw/bin/../lib/gcc/mingw32/5.3.0/../../../libmsvcrt.a(dfpcbs01083.o)
 .idata$7       0x0040f64c        0x4 c:/mingw/bin/../lib/gcc/mingw32/5.3.0/../../../libmsvcrt.a(dfpcbs01091.o)
 .idata$7       0x0040f650        0x4 c:/mingw/bin/../lib/gcc/mingw32/5.3.0/../../../libmsvcrt.a(dfpcbs01093.o)
 .idata$7       0x0040f654        0x4 c:/mingw/bin/../lib/gcc/mingw32/5.3.0/../../../libmsvcrt.a(dfpcbs01098.o)
 .idata$7       0x0040f658        0x4 c:/mingw/bin/../lib/gcc/mingw32/5.3.0/../../../libmsvcrt.a(dfpcbs01126.o)
 .idata$7       0x0040f65c        0x4 c:/mingw/bin/../lib/gcc/mingw32/5.3.0/../../../libmsvcrt.a(dfpcbs01131.o)
 .idata$7       0x0040f660        0x4 c:/mingw/bin/../lib/gcc/mingw32/5.3.0/../../../libmsvcrt.a(dfpcbs01142.o)
 .idata$7       0x0040f664        0x4 c:/mingw/bin/../lib/gcc/mingw32/5.3.0/../../../libmsvcrt.a(dfpcbs01147.o)
 .idata$7       0x0040f668        0x4 c:/mingw/bin/../lib/gcc/mingw32/5.3.0/../../../libmsvcrt.a(dfpcbs01182.o)
 .idata$7       0x0040f66c        0x4 c:/mingw/bin/../lib/gcc/mingw32/5.3.0/../../../libmsvcrt.a(dfpcbs01187.o)
 .idata$7       0x0040f670        0x4 c:/mingw/bin/../lib/gcc/mingw32/5.3.0/../../../libmsvcrt.a(dfpcbs01194.o)
 .idata$7       0x0040f674        0x4 c:/mingw/bin/../lib/gcc/mingw32/5.3.0/../../../libmsvcrt.a(dfpcbs01199.o)
 .idata$7       0x0040f678        0x4 c:/mingw/bin/../lib/gcc/mingw32/5.3.0/../../../libmsvcrt.a(dfpcbs01220.o)
 .idata$7       0x0040f67c        0x4 c:/mingw/bin/../lib/gcc/mingw32/5.3.0/../../../libmsvcrt.a(dfpcbs01227.o)
 .idata$7       0x0040f680        0x4 c:/mingw/bin/../lib/gcc/mingw32/5.3.0/../../../libmsvcrt.a(dfpcbs01229.o)
 .idata$7       0x0040f684        0x4 c:/mingw/bin/../lib/gcc/mingw32/5.3.0/../../../libmsvcrt.a(dfpcbs01240.o)
 .idata$7       0x0040f688        0x4 c:/mingw/bin/../lib/gcc/mingw32/5.3.0/../../../libmsvcrt.a(dfpcbs01242.o)
 .idata$7       0x0040f68c        0x4 c:/mingw/bin/../lib/gcc/mingw32/5.3.0/../../../libmsvcrt.a(dfpcbs01249.o)
 .idata$7       0x0040f690        0x4 c:/mingw/bin/../lib/gcc/mingw32/5.3.0/../../../libmsvcrt.a(dfpcbs01277.o)
 .idata$7       0x0040f694        0x4 c:/mingw/bin/../lib/gcc/mingw32/5.3.0/../../../libmsvcrt.a(dfpcbs01284.o)
 .idata$7       0x0040f698        0x4 c:/mingw/bin/../lib/gcc/mingw32/5.3.0/../../../libmsvcrt.a(dfpcbs01308.o)
 .idata$7       0x0040f69c        0x4 c:/mingw/bin/../lib/gcc/mingw32/5.3.0/../../../libmsvcrt.a(dfpcbs01325.o)
 .idata$7       0x0040f6a0        0xc c:/mingw/bin/../lib/gcc/mingw32/5.3.0/../../../libmsvcrt.a(dfpcbt.o)
                0x0040f6a0                _libmsvcrt_a_iname

.CRT            0x00410000      0x200
                0x00410000                ___crt_xc_start__ = .
 *(SORT(.CRT$XC*))
                0x00410000                ___crt_xc_end__ = .
                0x00410000                ___crt_xi_start__ = .
 *(SORT(.CRT$XI*))
                0x00410000                ___crt_xi_end__ = .
                0x00410000                ___crt_xl_start__ = .
 *(SORT(.CRT$XL*))
 .CRT$XLA       0x00410000        0x4 c:/mingw/bin/../lib/gcc/mingw32/5.3.0/../../../libmingw32.a(tlssup.o)
                0x00410000                __xl_a
 .CRT$XLC       0x00410004        0x4 c:/mingw/bin/../lib/gcc/mingw32/5.3.0/../../../libmingw32.a(tlssup.o)
                0x00410004                __xl_c
 .CRT$XLD       0x00410008        0x4 c:/mingw/bin/../lib/gcc/mingw32/5.3.0/../../../libmingw32.a(tlssup.o)
                0x00410008                __xl_d
 .CRT$XLZ       0x0041000c        0x4 c:/mingw/bin/../lib/gcc/mingw32/5.3.0/../../../libmingw32.a(tlssup.o)
                0x0041000c                __xl_z
                0x00410010                ___crt_xp_start__ = .
 *(SORT(.CRT$XP*))
                0x00410010                ___crt_xp_end__ = .
                0x00410010                ___crt_xt_start__ = .
 *(SORT(.CRT$XT*))
                0x00410010                ___crt_xt_end__ = .
 .CRT$XDA       0x00410010        0x4 c:/mingw/bin/../lib/gcc/mingw32/5.3.0/../../../libmingw32.a(tlssup.o)
 .CRT$XDZ       0x00410014        0x4 c:/mingw/bin/../lib/gcc/mingw32/5.3.0/../../../libmingw32.a(tlssup.o)

.tls            0x00411000      0x200
                0x00411000                ___tls_start__ = .
 *(.tls$AAA)
 .tls$AAA       0x00411000        0x4 c:/mingw/bin/../lib/gcc/mingw32/5.3.0/../../../libmingw32.a(tlssup.o)
                0x00411000                _tls_start
 *(.tls)
 .tls           0x00411004       0x18 c:/mingw/bin/../lib/gcc/mingw32/5.3.0/../../../libmingw32.a(tlssup.o)
                0x00411004                _tls_used
 *(.tls$)
 *(SORT(.tls$*))
 .tls$ZZZ       0x0041101c        0x4 c:/mingw/bin/../lib/gcc/mingw32/5.3.0/../../../libmingw32.a(tlssup.o)
                0x0041101c                _tls_end
 *(.tls$ZZZ)
                0x00411020                ___tls_end__ = .

.endjunk        0x00412000        0x0
                [!provide]                PROVIDE (end, .)
                [!provide]                PROVIDE (_end, .)
                0x00412000                __end__ = .

.rsrc
 *(.rsrc)
 *(.rsrc$*)

.reloc
 *(.reloc)

.stab
 *(.stab)

.stabstr
 *(.stabstr)

.debug_aranges  0x00412000      0x200
 *(.debug_aranges)
 .debug_aranges
                0x00412000       0x20 main.o
 .debug_aranges
                0x00412020       0x20 memory.o

.zdebug_aranges
 *(.zdebug_aranges)

.debug_pubnames
 *(.debug_pubnames)

.zdebug_pubnames
 *(.zdebug_pubnames)

.debug_pubtypes
 *(.debug_pubtypes)

.zdebug_pubtypes
 *(.zdebug_pubtypes)

.debug_info     0x00413000      0x600
 *(.debug_info .gnu.linkonce.wi.*)
 .debug_info    0x00413000      0x277 main.o
 .debug_info    0x00413277      0x205 memory.o

.zdebug_info
 *(.zdebug_info .zdebug.gnu.linkonce.wi.*)

.debug_abbrev   0x00414000      0x200
 *(.debug_abbrev)
 .debug_abbrev  0x00414000      0x106 main.o
 .debug_abbrev  0x00414106       0xae memory.o

.zdebug_abbrev
 *(.zdebug_abbrev)

.debug_line     0x00415000      0x200
 *(.debug_line)
 .debug_line    0x00415000       0x8f main.o
 .debug_line    0x0041508f       0x5a memory.o

.zdebug_line
 *(.zdebug_line)

.debug_frame
 *(.debug_frame*)

.zdebug_frame
 *(.zdebug_frame*)

.debug_str      0x00416000        0x0
 *(.debug_str)
 .debug_str     0x00416000        0x0 main.o
 .debug_str     0x00416000        0x0 memory.o

.zdebug_str
 *(.zdebug_str)

.debug_loc
 *(.debug_loc)

.zdebug_loc
 *(.zdebug_loc)

.debug_macinfo
 *(.debug_macinfo)

.zdebug_macinfo
 *(.zdebug_macinfo)

.debug_weaknames
 *(.debug_weaknames)

.zdebug_weaknames
 *(.zdebug_weaknames)

.debug_funcnames
 *(.debug_funcnames)

.zdebug_funcnames
 *(.zdebug_funcnames)

.debug_typenames
 *(.debug_typenames)

.zdebug_typenames
 *(.zdebug_typenames)

.debug_varnames
 *(.debug_varnames)

.zdebug_varnames
 *(.zdebug_varnames)

.debug_macro
 *(.debug_macro)

.zdebug_macro
 *(.zdebug_macro)

.debug_ranges
 *(.debug_ranges)

.zdebug_ranges
 *(.zdebug_ranges)

.debug_types
 *(.debug_types .gnu.linkonce.wt.*)

.zdebug_types
 *(.zdebug_types .gnu.linkonce.wt.*)
OUTPUT(c1m2.out pei-i386)